[2025-11-18 18:44:42] [INFO] 创建数据库和表...
[2025-11-18 18:44:42] [INFO] ✅ 数据库和表创建完成
[2025-11-18 18:44:42] [INFO] ============================================================
[2025-11-18 18:44:42] [INFO] 开始导入 Tafsir 数据到数据库
[2025-11-18 18:44:42] [INFO] ============================================================
[2025-11-18 18:44:42] [INFO] 
处理文件: surah_001_tafsir.json
[2025-11-18 18:44:42] [INFO]   ✅ Surah 1: 导入 7 条注释
[2025-11-18 18:44:42] [INFO] 
处理文件: surah_002_tafsir.json
[2025-11-18 18:44:42] [INFO]   ✅ Surah 2: 导入 286 条注释
[2025-11-18 18:44:42] [INFO] 
处理文件: surah_003_tafsir.json
[2025-11-18 18:44:42] [INFO]   ✅ Surah 3: 导入 200 条注释
[2025-11-18 18:44:42] [INFO] 
处理文件: surah_004_tafsir.json
[2025-11-18 18:44:42] [INFO]   ✅ Surah 4: 导入 176 条注释
[2025-11-18 18:44:42] [INFO] 
处理文件: surah_005_tafsir.json
[2025-11-18 18:44:42] [INFO]   ✅ Surah 5: 导入 120 条注释
[2025-11-18 18:44:42] [INFO] 
处理文件: surah_006_tafsir.json
[2025-11-18 18:44:42] [INFO]   ✅ Surah 6: 导入 165 条注释
[2025-11-18 18:44:42] [INFO] 
处理文件: surah_007_tafsir.json
[2025-11-18 18:44:42] [INFO]   ✅ Surah 7: 导入 206 条注释
[2025-11-18 18:44:42] [INFO] 
处理文件: surah_008_tafsir.json
[2025-11-18 18:44:42] [INFO]   ✅ Surah 8: 导入 75 条注释
[2025-11-18 18:44:42] [INFO] 
处理文件: surah_009_tafsir.json
[2025-11-18 18:44:42] [INFO]   ✅ Surah 9: 导入 129 条注释
[2025-11-18 18:44:42] [INFO] 
处理文件: surah_010_tafsir.json
[2025-11-18 18:44:42] [INFO]   ✅ Surah 10: 导入 109 条注释
[2025-11-18 18:44:42] [INFO] 
处理文件: surah_011_tafsir.json
[2025-11-18 18:44:42] [INFO]   ✅ Surah 11: 导入 123 条注释
[2025-11-18 18:44:42] [INFO] 
处理文件: surah_012_tafsir.json
[2025-11-18 18:44:42] [INFO]   ✅ Surah 12: 导入 111 条注释
[2025-11-18 18:44:42] [INFO] 
处理文件: surah_013_tafsir.json
[2025-11-18 18:44:42] [INFO]   ✅ Surah 13: 导入 43 条注释
[2025-11-18 18:44:42] [INFO] 
处理文件: surah_014_tafsir.json
[2025-11-18 18:44:42] [INFO]   ✅ Surah 14: 导入 52 条注释
[2025-11-18 18:44:42] [INFO] 
处理文件: surah_015_tafsir.json
[2025-11-18 18:44:42] [INFO]   ✅ Surah 15: 导入 99 条注释
[2025-11-18 18:44:42] [INFO] 
处理文件: surah_016_tafsir.json
[2025-11-18 18:44:42] [INFO]   ✅ Surah 16: 导入 128 条注释
[2025-11-18 18:44:42] [INFO] 
处理文件: surah_017_tafsir.json
[2025-11-18 18:44:42] [INFO]   ✅ Surah 17: 导入 111 条注释
[2025-11-18 18:44:42] [INFO] 
处理文件: surah_018_tafsir.json
[2025-11-18 18:44:42] [INFO]   ✅ Surah 18: 导入 110 条注释
[2025-11-18 18:44:42] [INFO] 
处理文件: surah_019_tafsir.json
[2025-11-18 18:44:42] [INFO]   ✅ Surah 19: 导入 98 条注释
[2025-11-18 18:44:42] [INFO] 
处理文件: surah_020_tafsir.json
[2025-11-18 18:44:43] [INFO]   ✅ Surah 20: 导入 135 条注释
[2025-11-18 18:44:43] [INFO] 
处理文件: surah_021_tafsir.json
[2025-11-18 18:44:43] [INFO]   ✅ Surah 21: 导入 112 条注释
[2025-11-18 18:44:43] [INFO] 
处理文件: surah_022_tafsir.json
[2025-11-18 18:44:43] [INFO]   ✅ Surah 22: 导入 78 条注释
[2025-11-18 18:44:43] [INFO] 
处理文件: surah_023_tafsir.json
[2025-11-18 18:44:43] [INFO]   ✅ Surah 23: 导入 118 条注释
[2025-11-18 18:44:43] [INFO] 
处理文件: surah_024_tafsir.json
[2025-11-18 18:44:43] [INFO]   ✅ Surah 24: 导入 64 条注释
[2025-11-18 18:44:43] [INFO] 
处理文件: surah_025_tafsir.json
[2025-11-18 18:44:43] [INFO]   ✅ Surah 25: 导入 77 条注释
[2025-11-18 18:44:43] [INFO] 
处理文件: surah_026_tafsir.json
[2025-11-18 18:44:43] [INFO]   ✅ Surah 26: 导入 227 条注释
[2025-11-18 18:44:43] [INFO] 
处理文件: surah_027_tafsir.json
[2025-11-18 18:44:43] [INFO]   ✅ Surah 27: 导入 93 条注释
[2025-11-18 18:44:43] [INFO] 
处理文件: surah_028_tafsir.json
[2025-11-18 18:44:43] [INFO]   ✅ Surah 28: 导入 88 条注释
[2025-11-18 18:44:43] [INFO] 
处理文件: surah_029_tafsir.json
[2025-11-18 18:44:43] [INFO]   ✅ Surah 29: 导入 69 条注释
[2025-11-18 18:44:43] [INFO] 
处理文件: surah_030_tafsir.json
[2025-11-18 18:44:43] [INFO]   ✅ Surah 30: 导入 60 条注释
[2025-11-18 18:44:43] [INFO] 
处理文件: surah_031_tafsir.json
[2025-11-18 18:44:43] [INFO]   ✅ Surah 31: 导入 34 条注释
[2025-11-18 18:44:43] [INFO] 
处理文件: surah_032_tafsir.json
[2025-11-18 18:44:43] [INFO]   ✅ Surah 32: 导入 30 条注释
[2025-11-18 18:44:43] [INFO] 
处理文件: surah_033_tafsir.json
[2025-11-18 18:44:43] [INFO]   ✅ Surah 33: 导入 73 条注释
[2025-11-18 18:44:43] [INFO] 
处理文件: surah_034_tafsir.json
[2025-11-18 18:44:43] [INFO]   ✅ Surah 34: 导入 54 条注释
[2025-11-18 18:44:43] [INFO] 
处理文件: surah_035_tafsir.json
[2025-11-18 18:44:43] [INFO]   ✅ Surah 35: 导入 45 条注释
[2025-11-18 18:44:43] [INFO] 
处理文件: surah_036_tafsir.json
[2025-11-18 18:44:43] [INFO]   ✅ Surah 36: 导入 83 条注释
[2025-11-18 18:44:43] [INFO] 
处理文件: surah_037_tafsir.json
[2025-11-18 18:44:43] [INFO]   ✅ Surah 37: 导入 182 条注释
[2025-11-18 18:44:43] [INFO] 
处理文件: surah_038_tafsir.json
[2025-11-18 18:44:43] [INFO]   ✅ Surah 38: 导入 88 条注释
[2025-11-18 18:44:43] [INFO] 
处理文件: surah_039_tafsir.json
[2025-11-18 18:44:43] [INFO]   ✅ Surah 39: 导入 75 条注释
[2025-11-18 18:44:43] [INFO] 
处理文件: surah_040_tafsir.json
[2025-11-18 18:44:43] [INFO]   ✅ Surah 40: 导入 85 条注释
[2025-11-18 18:44:43] [INFO] 
处理文件: surah_041_tafsir.json
[2025-11-18 18:44:43] [INFO]   ✅ Surah 41: 导入 54 条注释
[2025-11-18 18:44:43] [INFO] 
处理文件: surah_042_tafsir.json
[2025-11-18 18:44:43] [INFO]   ✅ Surah 42: 导入 53 条注释
[2025-11-18 18:44:43] [INFO] 
处理文件: surah_043_tafsir.json
[2025-11-18 18:44:43] [INFO]   ✅ Surah 43: 导入 89 条注释
[2025-11-18 18:44:43] [INFO] 
处理文件: surah_044_tafsir.json
[2025-11-18 18:44:43] [INFO]   ✅ Surah 44: 导入 59 条注释
[2025-11-18 18:44:43] [INFO] 
处理文件: surah_045_tafsir.json
[2025-11-18 18:44:43] [INFO]   ✅ Surah 45: 导入 37 条注释
[2025-11-18 18:44:43] [INFO] 
处理文件: surah_046_tafsir.json
[2025-11-18 18:44:43] [INFO]   ✅ Surah 46: 导入 35 条注释
[2025-11-18 18:44:43] [INFO] 
处理文件: surah_047_tafsir.json
[2025-11-18 18:44:43] [INFO]   ✅ Surah 47: 导入 38 条注释
[2025-11-18 18:44:43] [INFO] 
处理文件: surah_048_tafsir.json
[2025-11-18 18:44:43] [INFO]   ✅ Surah 48: 导入 29 条注释
[2025-11-18 18:44:43] [INFO] 
处理文件: surah_049_tafsir.json
[2025-11-18 18:44:43] [INFO]   ✅ Surah 49: 导入 18 条注释
[2025-11-18 18:44:43] [INFO] 
处理文件: surah_050_tafsir.json
[2025-11-18 18:44:43] [INFO]   ✅ Surah 50: 导入 45 条注释
[2025-11-18 18:44:43] [INFO] 
处理文件: surah_051_tafsir.json
[2025-11-18 18:44:43] [INFO]   ✅ Surah 51: 导入 60 条注释
[2025-11-18 18:44:43] [INFO] 
处理文件: surah_052_tafsir.json
[2025-11-18 18:44:43] [INFO]   ✅ Surah 52: 导入 49 条注释
[2025-11-18 18:44:43] [INFO] 
处理文件: surah_053_tafsir.json
[2025-11-18 18:44:43] [INFO]   ✅ Surah 53: 导入 62 条注释
[2025-11-18 18:44:43] [INFO] 
处理文件: surah_054_tafsir.json
[2025-11-18 18:44:43] [INFO]   ✅ Surah 54: 导入 55 条注释
[2025-11-18 18:44:43] [INFO] 
处理文件: surah_055_tafsir.json
[2025-11-18 18:44:43] [INFO]   ✅ Surah 55: 导入 78 条注释
[2025-11-18 18:44:43] [INFO] 
处理文件: surah_056_tafsir.json
[2025-11-18 18:44:43] [INFO]   ✅ Surah 56: 导入 96 条注释
[2025-11-18 18:44:43] [INFO] 
处理文件: surah_057_tafsir.json
[2025-11-18 18:44:43] [INFO]   ✅ Surah 57: 导入 29 条注释
[2025-11-18 18:44:43] [INFO] 
处理文件: surah_058_tafsir.json
[2025-11-18 18:44:43] [INFO]   ✅ Surah 58: 导入 22 条注释
[2025-11-18 18:44:43] [INFO] 
处理文件: surah_059_tafsir.json
[2025-11-18 18:44:43] [INFO]   ✅ Surah 59: 导入 24 条注释
[2025-11-18 18:44:43] [INFO] 
处理文件: surah_060_tafsir.json
[2025-11-18 18:44:43] [INFO]   ✅ Surah 60: 导入 13 条注释
[2025-11-18 18:44:43] [INFO] 
处理文件: surah_061_tafsir.json
[2025-11-18 18:44:43] [INFO]   ✅ Surah 61: 导入 14 条注释
[2025-11-18 18:44:43] [INFO] 
处理文件: surah_062_tafsir.json
[2025-11-18 18:44:43] [INFO]   ✅ Surah 62: 导入 11 条注释
[2025-11-18 18:44:43] [INFO] 
处理文件: surah_063_tafsir.json
[2025-11-18 18:44:43] [INFO]   ✅ Surah 63: 导入 11 条注释
[2025-11-18 18:44:43] [INFO] 
处理文件: surah_064_tafsir.json
[2025-11-18 18:44:43] [INFO]   ✅ Surah 64: 导入 18 条注释
[2025-11-18 18:44:43] [INFO] 
处理文件: surah_065_tafsir.json
[2025-11-18 18:44:43] [INFO]   ✅ Surah 65: 导入 12 条注释
[2025-11-18 18:44:43] [INFO] 
处理文件: surah_066_tafsir.json
[2025-11-18 18:44:43] [INFO]   ✅ Surah 66: 导入 12 条注释
[2025-11-18 18:44:43] [INFO] 
处理文件: surah_067_tafsir.json
[2025-11-18 18:44:43] [INFO]   ✅ Surah 67: 导入 30 条注释
[2025-11-18 18:44:43] [INFO] 
处理文件: surah_068_tafsir.json
[2025-11-18 18:44:43] [INFO]   ✅ Surah 68: 导入 52 条注释
[2025-11-18 18:44:43] [INFO] 
处理文件: surah_069_tafsir.json
[2025-11-18 18:44:43] [INFO]   ✅ Surah 69: 导入 52 条注释
[2025-11-18 18:44:43] [INFO] 
处理文件: surah_070_tafsir.json
[2025-11-18 18:44:43] [INFO]   ✅ Surah 70: 导入 44 条注释
[2025-11-18 18:44:43] [INFO] 
处理文件: surah_071_tafsir.json
[2025-11-18 18:44:43] [INFO]   ✅ Surah 71: 导入 28 条注释
[2025-11-18 18:44:43] [INFO] 
处理文件: surah_072_tafsir.json
[2025-11-18 18:44:43] [INFO]   ✅ Surah 72: 导入 28 条注释
[2025-11-18 18:44:43] [INFO] 
处理文件: surah_073_tafsir.json
[2025-11-18 18:44:43] [INFO]   ✅ Surah 73: 导入 20 条注释
[2025-11-18 18:44:43] [INFO] 
处理文件: surah_074_tafsir.json
[2025-11-18 18:44:43] [INFO]   ✅ Surah 74: 导入 56 条注释
[2025-11-18 18:44:43] [INFO] 
处理文件: surah_075_tafsir.json
[2025-11-18 18:44:43] [INFO]   ✅ Surah 75: 导入 40 条注释
[2025-11-18 18:44:43] [INFO] 
处理文件: surah_076_tafsir.json
[2025-11-18 18:44:43] [INFO]   ✅ Surah 76: 导入 31 条注释
[2025-11-18 18:44:43] [INFO] 
处理文件: surah_077_tafsir.json
[2025-11-18 18:44:43] [INFO]   ✅ Surah 77: 导入 50 条注释
[2025-11-18 18:44:43] [INFO] 
处理文件: surah_078_tafsir.json
[2025-11-18 18:44:43] [INFO]   ✅ Surah 78: 导入 40 条注释
[2025-11-18 18:44:43] [INFO] 
处理文件: surah_079_tafsir.json
[2025-11-18 18:44:43] [INFO]   ✅ Surah 79: 导入 46 条注释
[2025-11-18 18:44:43] [INFO] 
处理文件: surah_080_tafsir.json
[2025-11-18 18:44:43] [INFO]   ✅ Surah 80: 导入 42 条注释
[2025-11-18 18:44:43] [INFO] 
处理文件: surah_081_tafsir.json
[2025-11-18 18:44:43] [INFO]   ✅ Surah 81: 导入 29 条注释
[2025-11-18 18:44:43] [INFO] 
处理文件: surah_082_tafsir.json
[2025-11-18 18:44:43] [INFO]   ✅ Surah 82: 导入 19 条注释
[2025-11-18 18:44:43] [INFO] 
处理文件: surah_083_tafsir.json
[2025-11-18 18:44:43] [INFO]   ✅ Surah 83: 导入 36 条注释
[2025-11-18 18:44:43] [INFO] 
处理文件: surah_084_tafsir.json
[2025-11-18 18:44:43] [INFO]   ✅ Surah 84: 导入 25 条注释
[2025-11-18 18:44:43] [INFO] 
处理文件: surah_085_tafsir.json
[2025-11-18 18:44:43] [INFO]   ✅ Surah 85: 导入 22 条注释
[2025-11-18 18:44:43] [INFO] 
处理文件: surah_086_tafsir.json
[2025-11-18 18:44:43] [INFO]   ✅ Surah 86: 导入 17 条注释
[2025-11-18 18:44:43] [INFO] 
处理文件: surah_087_tafsir.json
[2025-11-18 18:44:43] [INFO]   ✅ Surah 87: 导入 19 条注释
[2025-11-18 18:44:43] [INFO] 
处理文件: surah_088_tafsir.json
[2025-11-18 18:44:43] [INFO]   ✅ Surah 88: 导入 26 条注释
[2025-11-18 18:44:43] [INFO] 
处理文件: surah_089_tafsir.json
[2025-11-18 18:44:43] [INFO]   ✅ Surah 89: 导入 30 条注释
[2025-11-18 18:44:43] [INFO] 
处理文件: surah_090_tafsir.json
[2025-11-18 18:44:43] [INFO]   ✅ Surah 90: 导入 20 条注释
[2025-11-18 18:44:43] [INFO] 
处理文件: surah_091_tafsir.json
[2025-11-18 18:44:43] [INFO]   ✅ Surah 91: 导入 15 条注释
[2025-11-18 18:44:43] [INFO] 
处理文件: surah_092_tafsir.json
[2025-11-18 18:44:43] [INFO]   ✅ Surah 92: 导入 21 条注释
[2025-11-18 18:44:43] [INFO] 
处理文件: surah_093_tafsir.json
[2025-11-18 18:44:43] [INFO]   ✅ Surah 93: 导入 11 条注释
[2025-11-18 18:44:43] [INFO] 
处理文件: surah_094_tafsir.json
[2025-11-18 18:44:43] [INFO]   ✅ Surah 94: 导入 8 条注释
[2025-11-18 18:44:43] [INFO] 
处理文件: surah_095_tafsir.json
[2025-11-18 18:44:43] [INFO]   ✅ Surah 95: 导入 8 条注释
[2025-11-18 18:44:43] [INFO] 
处理文件: surah_096_tafsir.json
[2025-11-18 18:44:43] [INFO]   ✅ Surah 96: 导入 19 条注释
[2025-11-18 18:44:43] [INFO] 
处理文件: surah_097_tafsir.json
[2025-11-18 18:44:43] [INFO]   ✅ Surah 97: 导入 5 条注释
[2025-11-18 18:44:43] [INFO] 
处理文件: surah_098_tafsir.json
[2025-11-18 18:44:43] [INFO]   ✅ Surah 98: 导入 8 条注释
[2025-11-18 18:44:43] [INFO] 
处理文件: surah_099_tafsir.json
[2025-11-18 18:44:43] [INFO]   ✅ Surah 99: 导入 8 条注释
[2025-11-18 18:44:43] [INFO] 
处理文件: surah_100_tafsir.json
[2025-11-18 18:44:43] [INFO]   ✅ Surah 100: 导入 11 条注释
[2025-11-18 18:44:43] [INFO] 
处理文件: surah_101_tafsir.json
[2025-11-18 18:44:43] [INFO]   ✅ Surah 101: 导入 11 条注释
[2025-11-18 18:44:43] [INFO] 
处理文件: surah_102_tafsir.json
[2025-11-18 18:44:43] [INFO]   ✅ Surah 102: 导入 8 条注释
[2025-11-18 18:44:43] [INFO] 
处理文件: surah_103_tafsir.json
[2025-11-18 18:44:43] [INFO]   ✅ Surah 103: 导入 3 条注释
[2025-11-18 18:44:43] [INFO] 
处理文件: surah_104_tafsir.json
[2025-11-18 18:44:43] [INFO]   ✅ Surah 104: 导入 9 条注释
[2025-11-18 18:44:43] [INFO] 
处理文件: surah_105_tafsir.json
[2025-11-18 18:44:43] [INFO]   ✅ Surah 105: 导入 5 条注释
[2025-11-18 18:44:43] [INFO] 
处理文件: surah_106_tafsir.json
[2025-11-18 18:44:43] [INFO]   ✅ Surah 106: 导入 4 条注释
[2025-11-18 18:44:43] [INFO] 
处理文件: surah_107_tafsir.json
[2025-11-18 18:44:43] [INFO]   ✅ Surah 107: 导入 7 条注释
[2025-11-18 18:44:43] [INFO] 
处理文件: surah_108_tafsir.json
[2025-11-18 18:44:43] [INFO]   ✅ Surah 108: 导入 3 条注释
[2025-11-18 18:44:43] [INFO] 
处理文件: surah_109_tafsir.json
[2025-11-18 18:44:43] [INFO]   ✅ Surah 109: 导入 6 条注释
[2025-11-18 18:44:43] [INFO] 
处理文件: surah_110_tafsir.json
[2025-11-18 18:44:43] [INFO]   ✅ Surah 110: 导入 3 条注释
[2025-11-18 18:44:43] [INFO] 
处理文件: surah_111_tafsir.json
[2025-11-18 18:44:43] [INFO]   ✅ Surah 111: 导入 5 条注释
[2025-11-18 18:44:43] [INFO] 
处理文件: surah_112_tafsir.json
[2025-11-18 18:44:43] [INFO]   ✅ Surah 112: 导入 4 条注释
[2025-11-18 18:44:43] [INFO] 
处理文件: surah_113_tafsir.json
[2025-11-18 18:44:43] [INFO]   ✅ Surah 113: 导入 5 条注释
[2025-11-18 18:44:43] [INFO] 
处理文件: surah_114_tafsir.json
[2025-11-18 18:44:43] [INFO]   ✅ Surah 114: 导入 6 条注释
[2025-11-18 18:44:43] [INFO] 
============================================================
[2025-11-18 18:44:43] [INFO] 导入完成！
[2025-11-18 18:44:43] [INFO] ============================================================
[2025-11-18 18:44:43] [INFO] ✅ 导入 Surahs: 114/114
[2025-11-18 18:44:43] [INFO] ✅ 导入记录总数: 6236
[2025-11-18 18:44:43] [INFO] 📁 数据库文件: /Users/huwei/AndroidStudioProjects/quran0/scripts/tafsir_database.db
[2025-11-18 18:44:43] [INFO] ============================================================
[2025-11-18 18:44:43] [INFO] 
============================================================
[2025-11-18 18:44:43] [INFO] 验证数据库内容
[2025-11-18 18:44:43] [INFO] ============================================================
[2025-11-18 18:44:43] [INFO] 📊 Tafsir 记录总数: 6236
[2025-11-18 18:44:43] [INFO] 📊 Surah 数量: 114/114
[2025-11-18 18:44:43] [INFO] 📊 元数据信息:
[2025-11-18 18:44:43] [INFO]    - 语言: id
[2025-11-18 18:44:43] [INFO]    - 来源: Kemenag
[2025-11-18 18:44:43] [INFO]    - 版本: 1.0.0
[2025-11-18 18:44:43] [INFO]    - 记录数: 6236
[2025-11-18 18:44:43] [INFO]    - 更新时间: 2025-11-18 10:44:43
[2025-11-18 18:44:43] [INFO] 
📝 示例数据 (Surah 1, Ayat 1):
[2025-11-18 18:44:43] [INFO]    - Surah ID: 1
[2025-11-18 18:44:43] [INFO]    - Ayat ID: 1
[2025-11-18 18:44:43] [INFO]    - 内容预览: Surah al-Fatihah dimulai dengan Basmalah

Ada beberapa pendapat ulama berkenaan dengan Basmalah yang...
[2025-11-18 18:44:43] [INFO] 
✅ 所有 114 个 Surahs 的数据完整
[2025-11-18 18:44:43] [INFO] ============================================================
[2025-11-18 18:44:43] [INFO] 
============================================================
[2025-11-18 18:44:43] [INFO] 示例查询语句
[2025-11-18 18:44:43] [INFO] ============================================================
[2025-11-18 18:44:43] [INFO] 
获取特定 Ayat 的 Tafsir:
[2025-11-18 18:44:43] [INFO]   SELECT text FROM tafsir_indonesian WHERE surah_id = 1 AND ayat_id = 1;
[2025-11-18 18:44:43] [INFO] 
获取整个 Surah 的 Tafsir:
[2025-11-18 18:44:43] [INFO]   SELECT ayat_id, text FROM tafsir_indonesian WHERE surah_id = 1 ORDER BY ayat_id;
[2025-11-18 18:44:43] [INFO] 
统计每个 Surah 的注释数量:
[2025-11-18 18:44:43] [INFO]   SELECT surah_id, COUNT(*) as count FROM tafsir_indonesian GROUP BY surah_id ORDER BY surah_id;
[2025-11-18 18:44:43] [INFO] 
查询包含特定关键词的注释:
[2025-11-18 18:44:43] [INFO]   SELECT surah_id, ayat_id, substr(text, 1, 100) FROM tafsir_indonesian WHERE text LIKE '%Allah%' LIMIT 5;
[2025-11-18 18:44:43] [INFO] 
获取 Surah 元数据:
[2025-11-18 18:44:43] [INFO]   SELECT * FROM surah_metadata WHERE surah_id = 1;
[2025-11-18 18:44:43] [INFO] 
============================================================
