[2025-11-29 15:15:10] [INFO] 🚀 开始同步翻译数据...
[2025-11-29 15:15:10] [INFO] 
[2025-11-29 15:15:10] [INFO] 📋 找到 18 个优先级 1 翻译
[2025-11-29 15:15:10] [INFO] 
[2025-11-29 15:15:10] [INFO] 进度: 1/18
[2025-11-29 15:15:10] [INFO] ============================================================
[2025-11-29 15:15:10] [INFO] 处理翻译: Fatah Muhammad Jalandhari
[2025-11-29 15:15:10] [INFO] ID: 234
[2025-11-29 15:15:10] [INFO] 生成的 Slug: ur_234_fatah-muhammad-jalandhari
[2025-11-29 15:15:10] [INFO] 语言: urdu
[2025-11-29 15:15:10] [INFO] ============================================================
[2025-11-29 15:15:10] [INFO] 📥 下载原始数据...
[2025-11-29 15:15:10] [INFO]    下载第 1/114 章...
[2025-11-29 15:15:10] [INFO] Fetching: https://api.quran.com/api/v4/verses/by_chapter/1?translations=234
[2025-11-29 15:15:12] [INFO]    下载第 2/114 章...
[2025-11-29 15:15:12] [INFO] Fetching: https://api.quran.com/api/v4/verses/by_chapter/2?translations=234
[2025-11-29 15:15:14] [INFO]    下载第 3/114 章...
[2025-11-29 15:15:14] [INFO] Fetching: https://api.quran.com/api/v4/verses/by_chapter/3?translations=234
[2025-11-29 15:15:16] [INFO]    下载第 4/114 章...
[2025-11-29 15:15:16] [INFO] Fetching: https://api.quran.com/api/v4/verses/by_chapter/4?translations=234
[2025-11-29 15:15:17] [INFO]    下载第 5/114 章...
[2025-11-29 15:15:17] [INFO] Fetching: https://api.quran.com/api/v4/verses/by_chapter/5?translations=234
[2025-11-29 15:15:19] [INFO]    下载第 6/114 章...
[2025-11-29 15:15:19] [INFO] Fetching: https://api.quran.com/api/v4/verses/by_chapter/6?translations=234
[2025-11-29 15:15:21] [INFO]    下载第 7/114 章...
[2025-11-29 15:15:21] [INFO] Fetching: https://api.quran.com/api/v4/verses/by_chapter/7?translations=234
[2025-11-29 15:15:23] [INFO]    下载第 8/114 章...
[2025-11-29 15:15:23] [INFO] Fetching: https://api.quran.com/api/v4/verses/by_chapter/8?translations=234
[2025-11-29 15:15:24] [INFO]    下载第 9/114 章...
[2025-11-29 15:15:24] [INFO] Fetching: https://api.quran.com/api/v4/verses/by_chapter/9?translations=234
[2025-11-29 15:15:26] [INFO]    下载第 10/114 章...
[2025-11-29 15:15:26] [INFO] Fetching: https://api.quran.com/api/v4/verses/by_chapter/10?translations=234
[2025-11-29 15:15:28] [INFO]    下载第 11/114 章...
[2025-11-29 15:15:28] [INFO] Fetching: https://api.quran.com/api/v4/verses/by_chapter/11?translations=234
[2025-11-29 15:15:30] [INFO]    下载第 12/114 章...
[2025-11-29 15:15:30] [INFO] Fetching: https://api.quran.com/api/v4/verses/by_chapter/12?translations=234
[2025-11-29 15:15:32] [INFO]    下载第 13/114 章...
[2025-11-29 15:15:32] [INFO] Fetching: https://api.quran.com/api/v4/verses/by_chapter/13?translations=234
[2025-11-29 15:15:33] [INFO]    下载第 14/114 章...
[2025-11-29 15:15:33] [INFO] Fetching: https://api.quran.com/api/v4/verses/by_chapter/14?translations=234
[2025-11-29 15:15:35] [INFO]    下载第 15/114 章...
[2025-11-29 15:15:35] [INFO] Fetching: https://api.quran.com/api/v4/verses/by_chapter/15?translations=234
[2025-11-29 15:15:38] [INFO]    下载第 16/114 章...
[2025-11-29 15:15:38] [INFO] Fetching: https://api.quran.com/api/v4/verses/by_chapter/16?translations=234
[2025-11-29 15:15:39] [INFO]    下载第 17/114 章...
[2025-11-29 15:15:39] [INFO] Fetching: https://api.quran.com/api/v4/verses/by_chapter/17?translations=234
[2025-11-29 15:15:41] [INFO]    下载第 18/114 章...
[2025-11-29 15:15:41] [INFO] Fetching: https://api.quran.com/api/v4/verses/by_chapter/18?translations=234
[2025-11-29 15:15:43] [INFO]    下载第 19/114 章...
[2025-11-29 15:15:43] [INFO] Fetching: https://api.quran.com/api/v4/verses/by_chapter/19?translations=234
[2025-11-29 15:15:45] [INFO]    下载第 20/114 章...
[2025-11-29 15:15:45] [INFO] Fetching: https://api.quran.com/api/v4/verses/by_chapter/20?translations=234
[2025-11-29 15:15:46] [INFO]    下载第 21/114 章...
[2025-11-29 15:15:46] [INFO] Fetching: https://api.quran.com/api/v4/verses/by_chapter/21?translations=234
[2025-11-29 15:15:48] [INFO]    下载第 22/114 章...
[2025-11-29 15:15:48] [INFO] Fetching: https://api.quran.com/api/v4/verses/by_chapter/22?translations=234
[2025-11-29 15:15:50] [INFO]    下载第 23/114 章...
[2025-11-29 15:15:50] [INFO] Fetching: https://api.quran.com/api/v4/verses/by_chapter/23?translations=234
[2025-11-29 15:15:52] [INFO]    下载第 24/114 章...
[2025-11-29 15:15:52] [INFO] Fetching: https://api.quran.com/api/v4/verses/by_chapter/24?translations=234
[2025-11-29 15:15:53] [INFO]    下载第 25/114 章...
[2025-11-29 15:15:53] [INFO] Fetching: https://api.quran.com/api/v4/verses/by_chapter/25?translations=234
[2025-11-29 15:15:56] [INFO]    下载第 26/114 章...
[2025-11-29 15:15:56] [INFO] Fetching: https://api.quran.com/api/v4/verses/by_chapter/26?translations=234
[2025-11-29 15:15:58] [INFO]    下载第 27/114 章...
[2025-11-29 15:15:58] [INFO] Fetching: https://api.quran.com/api/v4/verses/by_chapter/27?translations=234
[2025-11-29 15:15:59] [INFO]    下载第 28/114 章...
[2025-11-29 15:15:59] [INFO] Fetching: https://api.quran.com/api/v4/verses/by_chapter/28?translations=234
[2025-11-29 15:16:01] [INFO]    下载第 29/114 章...
[2025-11-29 15:16:01] [INFO] Fetching: https://api.quran.com/api/v4/verses/by_chapter/29?translations=234
[2025-11-29 15:16:04] [INFO]    下载第 30/114 章...
[2025-11-29 15:16:04] [INFO] Fetching: https://api.quran.com/api/v4/verses/by_chapter/30?translations=234
[2025-11-29 15:16:06] [INFO]    下载第 31/114 章...
[2025-11-29 15:16:06] [INFO] Fetching: https://api.quran.com/api/v4/verses/by_chapter/31?translations=234
[2025-11-29 15:16:07] [INFO]    下载第 32/114 章...
[2025-11-29 15:16:07] [INFO] Fetching: https://api.quran.com/api/v4/verses/by_chapter/32?translations=234
[2025-11-29 15:16:09] [INFO]    下载第 33/114 章...
[2025-11-29 15:16:09] [INFO] Fetching: https://api.quran.com/api/v4/verses/by_chapter/33?translations=234
[2025-11-29 15:16:12] [INFO]    下载第 34/114 章...
[2025-11-29 15:16:12] [INFO] Fetching: https://api.quran.com/api/v4/verses/by_chapter/34?translations=234
[2025-11-29 15:16:14] [INFO]    下载第 35/114 章...
[2025-11-29 15:16:14] [INFO] Fetching: https://api.quran.com/api/v4/verses/by_chapter/35?translations=234
[2025-11-29 15:16:16] [INFO]    下载第 36/114 章...
[2025-11-29 15:16:16] [INFO] Fetching: https://api.quran.com/api/v4/verses/by_chapter/36?translations=234
[2025-11-29 15:16:18] [INFO]    下载第 37/114 章...
[2025-11-29 15:16:18] [INFO] Fetching: https://api.quran.com/api/v4/verses/by_chapter/37?translations=234
[2025-11-29 15:16:20] [INFO]    下载第 38/114 章...
[2025-11-29 15:16:20] [INFO] Fetching: https://api.quran.com/api/v4/verses/by_chapter/38?translations=234
[2025-11-29 15:16:22] [INFO]    下载第 39/114 章...
[2025-11-29 15:16:22] [INFO] Fetching: https://api.quran.com/api/v4/verses/by_chapter/39?translations=234
[2025-11-29 15:16:23] [INFO]    下载第 40/114 章...
[2025-11-29 15:16:23] [INFO] Fetching: https://api.quran.com/api/v4/verses/by_chapter/40?translations=234
[2025-11-29 15:16:25] [INFO]    下载第 41/114 章...
[2025-11-29 15:16:25] [INFO] Fetching: https://api.quran.com/api/v4/verses/by_chapter/41?translations=234
[2025-11-29 15:16:27] [INFO]    下载第 42/114 章...
[2025-11-29 15:16:27] [INFO] Fetching: https://api.quran.com/api/v4/verses/by_chapter/42?translations=234
[2025-11-29 15:16:29] [INFO]    下载第 43/114 章...
[2025-11-29 15:16:29] [INFO] Fetching: https://api.quran.com/api/v4/verses/by_chapter/43?translations=234
[2025-11-29 15:16:30] [INFO]    下载第 44/114 章...
[2025-11-29 15:16:30] [INFO] Fetching: https://api.quran.com/api/v4/verses/by_chapter/44?translations=234
[2025-11-29 15:16:32] [INFO]    下载第 45/114 章...
[2025-11-29 15:16:32] [INFO] Fetching: https://api.quran.com/api/v4/verses/by_chapter/45?translations=234
[2025-11-29 15:16:34] [INFO]    下载第 46/114 章...
[2025-11-29 15:16:34] [INFO] Fetching: https://api.quran.com/api/v4/verses/by_chapter/46?translations=234
[2025-11-29 15:16:36] [INFO]    下载第 47/114 章...
[2025-11-29 15:16:36] [INFO] Fetching: https://api.quran.com/api/v4/verses/by_chapter/47?translations=234
[2025-11-29 15:16:37] [INFO]    下载第 48/114 章...
[2025-11-29 15:16:37] [INFO] Fetching: https://api.quran.com/api/v4/verses/by_chapter/48?translations=234
[2025-11-29 15:16:39] [INFO]    下载第 49/114 章...
[2025-11-29 15:16:39] [INFO] Fetching: https://api.quran.com/api/v4/verses/by_chapter/49?translations=234
[2025-11-29 15:16:41] [INFO]    下载第 50/114 章...
[2025-11-29 15:16:41] [INFO] Fetching: https://api.quran.com/api/v4/verses/by_chapter/50?translations=234
[2025-11-29 15:16:43] [INFO]    下载第 51/114 章...
[2025-11-29 15:16:43] [INFO] Fetching: https://api.quran.com/api/v4/verses/by_chapter/51?translations=234
[2025-11-29 15:16:45] [INFO]    下载第 52/114 章...
[2025-11-29 15:16:45] [INFO] Fetching: https://api.quran.com/api/v4/verses/by_chapter/52?translations=234
[2025-11-29 15:16:47] [INFO]    下载第 53/114 章...
[2025-11-29 15:16:47] [INFO] Fetching: https://api.quran.com/api/v4/verses/by_chapter/53?translations=234
[2025-11-29 15:16:48] [INFO]    下载第 54/114 章...
[2025-11-29 15:16:48] [INFO] Fetching: https://api.quran.com/api/v4/verses/by_chapter/54?translations=234
[2025-11-29 15:16:50] [INFO]    下载第 55/114 章...
[2025-11-29 15:16:50] [INFO] Fetching: https://api.quran.com/api/v4/verses/by_chapter/55?translations=234
[2025-11-29 15:16:52] [INFO]    下载第 56/114 章...
[2025-11-29 15:16:52] [INFO] Fetching: https://api.quran.com/api/v4/verses/by_chapter/56?translations=234
[2025-11-29 15:16:54] [INFO]    下载第 57/114 章...
[2025-11-29 15:16:54] [INFO] Fetching: https://api.quran.com/api/v4/verses/by_chapter/57?translations=234
[2025-11-29 15:16:56] [INFO]    下载第 58/114 章...
[2025-11-29 15:16:56] [INFO] Fetching: https://api.quran.com/api/v4/verses/by_chapter/58?translations=234
[2025-11-29 15:16:58] [INFO]    下载第 59/114 章...
[2025-11-29 15:16:58] [INFO] Fetching: https://api.quran.com/api/v4/verses/by_chapter/59?translations=234
[2025-11-29 15:16:59] [INFO]    下载第 60/114 章...
[2025-11-29 15:16:59] [INFO] Fetching: https://api.quran.com/api/v4/verses/by_chapter/60?translations=234
[2025-11-29 15:17:01] [INFO]    下载第 61/114 章...
[2025-11-29 15:17:01] [INFO] Fetching: https://api.quran.com/api/v4/verses/by_chapter/61?translations=234
[2025-11-29 15:17:03] [INFO]    下载第 62/114 章...
[2025-11-29 15:17:03] [INFO] Fetching: https://api.quran.com/api/v4/verses/by_chapter/62?translations=234
[2025-11-29 15:17:04] [INFO]    下载第 63/114 章...
[2025-11-29 15:17:04] [INFO] Fetching: https://api.quran.com/api/v4/verses/by_chapter/63?translations=234
[2025-11-29 15:17:07] [INFO]    下载第 64/114 章...
[2025-11-29 15:17:07] [INFO] Fetching: https://api.quran.com/api/v4/verses/by_chapter/64?translations=234
[2025-11-29 15:17:09] [INFO]    下载第 65/114 章...
[2025-11-29 15:17:09] [INFO] Fetching: https://api.quran.com/api/v4/verses/by_chapter/65?translations=234
[2025-11-29 15:17:11] [INFO]    下载第 66/114 章...
[2025-11-29 15:17:11] [INFO] Fetching: https://api.quran.com/api/v4/verses/by_chapter/66?translations=234
[2025-11-29 15:17:13] [INFO]    下载第 67/114 章...
[2025-11-29 15:17:13] [INFO] Fetching: https://api.quran.com/api/v4/verses/by_chapter/67?translations=234
[2025-11-29 15:17:14] [INFO]    下载第 68/114 章...
[2025-11-29 15:17:14] [INFO] Fetching: https://api.quran.com/api/v4/verses/by_chapter/68?translations=234
[2025-11-29 15:17:16] [INFO]    下载第 69/114 章...
[2025-11-29 15:17:16] [INFO] Fetching: https://api.quran.com/api/v4/verses/by_chapter/69?translations=234
[2025-11-29 15:17:18] [INFO]    下载第 70/114 章...
[2025-11-29 15:17:18] [INFO] Fetching: https://api.quran.com/api/v4/verses/by_chapter/70?translations=234
[2025-11-29 15:17:20] [INFO]    下载第 71/114 章...
[2025-11-29 15:17:20] [INFO] Fetching: https://api.quran.com/api/v4/verses/by_chapter/71?translations=234
[2025-11-29 15:17:22] [INFO]    下载第 72/114 章...
[2025-11-29 15:17:22] [INFO] Fetching: https://api.quran.com/api/v4/verses/by_chapter/72?translations=234
[2025-11-29 15:17:24] [INFO]    下载第 73/114 章...
[2025-11-29 15:17:24] [INFO] Fetching: https://api.quran.com/api/v4/verses/by_chapter/73?translations=234
[2025-11-29 15:17:25] [INFO]    下载第 74/114 章...
[2025-11-29 15:17:25] [INFO] Fetching: https://api.quran.com/api/v4/verses/by_chapter/74?translations=234
[2025-11-29 15:17:27] [INFO]    下载第 75/114 章...
[2025-11-29 15:17:27] [INFO] Fetching: https://api.quran.com/api/v4/verses/by_chapter/75?translations=234
[2025-11-29 15:17:29] [INFO]    下载第 76/114 章...
[2025-11-29 15:17:29] [INFO] Fetching: https://api.quran.com/api/v4/verses/by_chapter/76?translations=234
[2025-11-29 15:17:31] [INFO]    下载第 77/114 章...
[2025-11-29 15:17:31] [INFO] Fetching: https://api.quran.com/api/v4/verses/by_chapter/77?translations=234
[2025-11-29 15:17:32] [INFO]    下载第 78/114 章...
[2025-11-29 15:17:32] [INFO] Fetching: https://api.quran.com/api/v4/verses/by_chapter/78?translations=234
[2025-11-29 15:17:34] [INFO]    下载第 79/114 章...
[2025-11-29 15:17:34] [INFO] Fetching: https://api.quran.com/api/v4/verses/by_chapter/79?translations=234
[2025-11-29 15:17:36] [INFO]    下载第 80/114 章...
[2025-11-29 15:17:36] [INFO] Fetching: https://api.quran.com/api/v4/verses/by_chapter/80?translations=234
[2025-11-29 15:17:38] [INFO]    下载第 81/114 章...
[2025-11-29 15:17:38] [INFO] Fetching: https://api.quran.com/api/v4/verses/by_chapter/81?translations=234
[2025-11-29 15:17:40] [INFO]    下载第 82/114 章...
[2025-11-29 15:17:40] [INFO] Fetching: https://api.quran.com/api/v4/verses/by_chapter/82?translations=234
[2025-11-29 15:17:41] [INFO]    下载第 83/114 章...
[2025-11-29 15:17:41] [INFO] Fetching: https://api.quran.com/api/v4/verses/by_chapter/83?translations=234
[2025-11-29 15:17:43] [INFO]    下载第 84/114 章...
[2025-11-29 15:17:43] [INFO] Fetching: https://api.quran.com/api/v4/verses/by_chapter/84?translations=234
[2025-11-29 15:17:45] [INFO]    下载第 85/114 章...
[2025-11-29 15:17:45] [INFO] Fetching: https://api.quran.com/api/v4/verses/by_chapter/85?translations=234
[2025-11-29 15:17:47] [INFO]    下载第 86/114 章...
[2025-11-29 15:17:47] [INFO] Fetching: https://api.quran.com/api/v4/verses/by_chapter/86?translations=234
[2025-11-29 15:17:49] [INFO]    下载第 87/114 章...
[2025-11-29 15:17:49] [INFO] Fetching: https://api.quran.com/api/v4/verses/by_chapter/87?translations=234
[2025-11-29 15:17:51] [INFO]    下载第 88/114 章...
[2025-11-29 15:17:51] [INFO] Fetching: https://api.quran.com/api/v4/verses/by_chapter/88?translations=234
[2025-11-29 15:17:52] [INFO]    下载第 89/114 章...
[2025-11-29 15:17:52] [INFO] Fetching: https://api.quran.com/api/v4/verses/by_chapter/89?translations=234
[2025-11-29 15:17:54] [INFO]    下载第 90/114 章...
[2025-11-29 15:17:54] [INFO] Fetching: https://api.quran.com/api/v4/verses/by_chapter/90?translations=234
[2025-11-29 15:17:56] [INFO]    下载第 91/114 章...
[2025-11-29 15:17:56] [INFO] Fetching: https://api.quran.com/api/v4/verses/by_chapter/91?translations=234
[2025-11-29 15:17:58] [INFO]    下载第 92/114 章...
[2025-11-29 15:17:58] [INFO] Fetching: https://api.quran.com/api/v4/verses/by_chapter/92?translations=234
[2025-11-29 15:18:00] [INFO]    下载第 93/114 章...
[2025-11-29 15:18:00] [INFO] Fetching: https://api.quran.com/api/v4/verses/by_chapter/93?translations=234
[2025-11-29 15:18:02] [INFO]    下载第 94/114 章...
[2025-11-29 15:18:02] [INFO] Fetching: https://api.quran.com/api/v4/verses/by_chapter/94?translations=234
[2025-11-29 15:18:03] [INFO]    下载第 95/114 章...
[2025-11-29 15:18:03] [INFO] Fetching: https://api.quran.com/api/v4/verses/by_chapter/95?translations=234
[2025-11-29 15:18:05] [INFO]    下载第 96/114 章...
[2025-11-29 15:18:05] [INFO] Fetching: https://api.quran.com/api/v4/verses/by_chapter/96?translations=234
[2025-11-29 15:18:07] [INFO]    下载第 97/114 章...
[2025-11-29 15:18:07] [INFO] Fetching: https://api.quran.com/api/v4/verses/by_chapter/97?translations=234
[2025-11-29 15:18:09] [INFO]    下载第 98/114 章...
[2025-11-29 15:18:09] [INFO] Fetching: https://api.quran.com/api/v4/verses/by_chapter/98?translations=234
[2025-11-29 15:18:11] [INFO]    下载第 99/114 章...
[2025-11-29 15:18:11] [INFO] Fetching: https://api.quran.com/api/v4/verses/by_chapter/99?translations=234
[2025-11-29 15:18:13] [INFO]    下载第 100/114 章...
[2025-11-29 15:18:13] [INFO] Fetching: https://api.quran.com/api/v4/verses/by_chapter/100?translations=234
[2025-11-29 15:18:15] [INFO]    下载第 101/114 章...
[2025-11-29 15:18:15] [INFO] Fetching: https://api.quran.com/api/v4/verses/by_chapter/101?translations=234
[2025-11-29 15:18:17] [INFO]    下载第 102/114 章...
[2025-11-29 15:18:17] [INFO] Fetching: https://api.quran.com/api/v4/verses/by_chapter/102?translations=234
[2025-11-29 15:18:19] [INFO]    下载第 103/114 章...
[2025-11-29 15:18:19] [INFO] Fetching: https://api.quran.com/api/v4/verses/by_chapter/103?translations=234
[2025-11-29 15:18:21] [INFO]    下载第 104/114 章...
[2025-11-29 15:18:21] [INFO] Fetching: https://api.quran.com/api/v4/verses/by_chapter/104?translations=234
[2025-11-29 15:18:23] [INFO]    下载第 105/114 章...
[2025-11-29 15:18:23] [INFO] Fetching: https://api.quran.com/api/v4/verses/by_chapter/105?translations=234
[2025-11-29 15:18:25] [INFO]    下载第 106/114 章...
[2025-11-29 15:18:25] [INFO] Fetching: https://api.quran.com/api/v4/verses/by_chapter/106?translations=234
[2025-11-29 15:18:26] [INFO]    下载第 107/114 章...
[2025-11-29 15:18:26] [INFO] Fetching: https://api.quran.com/api/v4/verses/by_chapter/107?translations=234
[2025-11-29 15:18:29] [INFO]    下载第 108/114 章...
[2025-11-29 15:18:29] [INFO] Fetching: https://api.quran.com/api/v4/verses/by_chapter/108?translations=234
[2025-11-29 15:18:31] [INFO]    下载第 109/114 章...
[2025-11-29 15:18:31] [INFO] Fetching: https://api.quran.com/api/v4/verses/by_chapter/109?translations=234
[2025-11-29 15:18:32] [INFO]    下载第 110/114 章...
[2025-11-29 15:18:32] [INFO] Fetching: https://api.quran.com/api/v4/verses/by_chapter/110?translations=234
[2025-11-29 15:18:34] [INFO]    下载第 111/114 章...
[2025-11-29 15:18:34] [INFO] Fetching: https://api.quran.com/api/v4/verses/by_chapter/111?translations=234
[2025-11-29 15:18:36] [INFO]    下载第 112/114 章...
[2025-11-29 15:18:36] [INFO] Fetching: https://api.quran.com/api/v4/verses/by_chapter/112?translations=234
[2025-11-29 15:18:38] [INFO]    下载第 113/114 章...
[2025-11-29 15:18:38] [INFO] Fetching: https://api.quran.com/api/v4/verses/by_chapter/113?translations=234
[2025-11-29 15:18:39] [INFO]    下载第 114/114 章...
[2025-11-29 15:18:39] [INFO] Fetching: https://api.quran.com/api/v4/verses/by_chapter/114?translations=234
[2025-11-29 15:18:41] [INFO] 💾 原始数据已保存: /Users/huwei/AndroidStudioProjects/quran0/scripts/translation_data/raw/ur_234_fatah-muhammad-jalandhari.json
[2025-11-29 15:18:41] [INFO] 🔄 转换数据格式...
[2025-11-29 15:18:41] [INFO] ✓ 验证数据完整性...
[2025-11-29 15:18:41] [ERROR] ❌ Fatah Muhammad Jalandhari: Expected 6236 verses, found 1062
[2025-11-29 15:18:41] [ERROR]    Chapter 2: expected 286 verses, found 10
[2025-11-29 15:18:41] [ERROR]    Chapter 3: expected 200 verses, found 10
[2025-11-29 15:18:41] [ERROR]    Chapter 4: expected 176 verses, found 10
[2025-11-29 15:18:41] [ERROR]    Chapter 5: expected 120 verses, found 10
[2025-11-29 15:18:41] [ERROR]    Chapter 6: expected 165 verses, found 10
[2025-11-29 15:18:41] [ERROR] ❌ 验证失败: Fatah Muhammad Jalandhari
[2025-11-29 15:18:42] [INFO] 进度: 2/18
[2025-11-29 15:18:42] [INFO] ============================================================
[2025-11-29 15:18:42] [INFO] 处理翻译: Maulana Muhammad Junagarhi
[2025-11-29 15:18:42] [INFO] ID: 54
[2025-11-29 15:18:42] [INFO] 生成的 Slug: ur_54_junagarri
[2025-11-29 15:18:42] [INFO] 语言: urdu
[2025-11-29 15:18:42] [INFO] ============================================================
[2025-11-29 15:18:42] [INFO] 📥 下载原始数据...
[2025-11-29 15:18:42] [INFO]    下载第 1/114 章...
[2025-11-29 15:18:42] [INFO] Fetching: https://api.quran.com/api/v4/verses/by_chapter/1?translations=54
[2025-11-29 15:18:45] [INFO]    下载第 2/114 章...
[2025-11-29 15:18:45] [INFO] Fetching: https://api.quran.com/api/v4/verses/by_chapter/2?translations=54
[2025-11-29 15:18:46] [INFO]    下载第 3/114 章...
[2025-11-29 15:18:46] [INFO] Fetching: https://api.quran.com/api/v4/verses/by_chapter/3?translations=54
[2025-11-29 15:18:48] [INFO]    下载第 4/114 章...
[2025-11-29 15:18:48] [INFO] Fetching: https://api.quran.com/api/v4/verses/by_chapter/4?translations=54
[2025-11-29 15:18:50] [INFO]    下载第 5/114 章...
[2025-11-29 15:18:50] [INFO] Fetching: https://api.quran.com/api/v4/verses/by_chapter/5?translations=54
[2025-11-29 15:18:52] [INFO]    下载第 6/114 章...
[2025-11-29 15:18:52] [INFO] Fetching: https://api.quran.com/api/v4/verses/by_chapter/6?translations=54
[2025-11-29 15:18:54] [INFO]    下载第 7/114 章...
[2025-11-29 15:18:54] [INFO] Fetching: https://api.quran.com/api/v4/verses/by_chapter/7?translations=54
[2025-11-29 15:18:56] [INFO]    下载第 8/114 章...
[2025-11-29 15:18:56] [INFO] Fetching: https://api.quran.com/api/v4/verses/by_chapter/8?translations=54
[2025-11-29 15:18:57] [INFO]    下载第 9/114 章...
[2025-11-29 15:18:57] [INFO] Fetching: https://api.quran.com/api/v4/verses/by_chapter/9?translations=54
[2025-11-29 15:18:59] [INFO]    下载第 10/114 章...
[2025-11-29 15:18:59] [INFO] Fetching: https://api.quran.com/api/v4/verses/by_chapter/10?translations=54
[2025-11-29 15:19:01] [INFO]    下载第 11/114 章...
[2025-11-29 15:19:01] [INFO] Fetching: https://api.quran.com/api/v4/verses/by_chapter/11?translations=54
[2025-11-29 15:19:03] [INFO]    下载第 12/114 章...
[2025-11-29 15:19:03] [INFO] Fetching: https://api.quran.com/api/v4/verses/by_chapter/12?translations=54
[2025-11-29 15:19:05] [INFO]    下载第 13/114 章...
[2025-11-29 15:19:05] [INFO] Fetching: https://api.quran.com/api/v4/verses/by_chapter/13?translations=54
[2025-11-29 15:19:07] [INFO]    下载第 14/114 章...
[2025-11-29 15:19:07] [INFO] Fetching: https://api.quran.com/api/v4/verses/by_chapter/14?translations=54
[2025-11-29 15:19:09] [INFO]    下载第 15/114 章...
[2025-11-29 15:19:09] [INFO] Fetching: https://api.quran.com/api/v4/verses/by_chapter/15?translations=54
[2025-11-29 15:19:10] [INFO]    下载第 16/114 章...
[2025-11-29 15:19:10] [INFO] Fetching: https://api.quran.com/api/v4/verses/by_chapter/16?translations=54
[2025-11-29 15:19:12] [INFO]    下载第 17/114 章...
[2025-11-29 15:19:12] [INFO] Fetching: https://api.quran.com/api/v4/verses/by_chapter/17?translations=54
[2025-11-29 15:19:14] [INFO]    下载第 18/114 章...
[2025-11-29 15:19:14] [INFO] Fetching: https://api.quran.com/api/v4/verses/by_chapter/18?translations=54
[2025-11-29 15:19:16] [INFO]    下载第 19/114 章...
[2025-11-29 15:19:16] [INFO] Fetching: https://api.quran.com/api/v4/verses/by_chapter/19?translations=54
[2025-11-29 15:19:18] [INFO]    下载第 20/114 章...
[2025-11-29 15:19:18] [INFO] Fetching: https://api.quran.com/api/v4/verses/by_chapter/20?translations=54
[2025-11-29 15:19:19] [INFO]    下载第 21/114 章...
[2025-11-29 15:19:20] [INFO] Fetching: https://api.quran.com/api/v4/verses/by_chapter/21?translations=54
[2025-11-29 15:19:22] [INFO]    下载第 22/114 章...
[2025-11-29 15:19:22] [INFO] Fetching: https://api.quran.com/api/v4/verses/by_chapter/22?translations=54
[2025-11-29 15:19:24] [INFO]    下载第 23/114 章...
[2025-11-29 15:19:24] [INFO] Fetching: https://api.quran.com/api/v4/verses/by_chapter/23?translations=54
[2025-11-29 15:19:25] [INFO]    下载第 24/114 章...
[2025-11-29 15:19:25] [INFO] Fetching: https://api.quran.com/api/v4/verses/by_chapter/24?translations=54
[2025-11-29 15:19:27] [INFO]    下载第 25/114 章...
[2025-11-29 15:19:27] [INFO] Fetching: https://api.quran.com/api/v4/verses/by_chapter/25?translations=54
[2025-11-29 15:19:29] [INFO]    下载第 26/114 章...
[2025-11-29 15:19:29] [INFO] Fetching: https://api.quran.com/api/v4/verses/by_chapter/26?translations=54
[2025-11-29 15:19:31] [INFO]    下载第 27/114 章...
[2025-11-29 15:19:31] [INFO] Fetching: https://api.quran.com/api/v4/verses/by_chapter/27?translations=54
[2025-11-29 15:19:33] [INFO]    下载第 28/114 章...
[2025-11-29 15:19:33] [INFO] Fetching: https://api.quran.com/api/v4/verses/by_chapter/28?translations=54
[2025-11-29 15:19:35] [INFO]    下载第 29/114 章...
[2025-11-29 15:19:35] [INFO] Fetching: https://api.quran.com/api/v4/verses/by_chapter/29?translations=54
[2025-11-29 15:19:36] [INFO]    下载第 30/114 章...
[2025-11-29 15:19:36] [INFO] Fetching: https://api.quran.com/api/v4/verses/by_chapter/30?translations=54
[2025-11-29 15:19:38] [INFO]    下载第 31/114 章...
[2025-11-29 15:19:38] [INFO] Fetching: https://api.quran.com/api/v4/verses/by_chapter/31?translations=54
[2025-11-29 15:19:40] [INFO]    下载第 32/114 章...
[2025-11-29 15:19:40] [INFO] Fetching: https://api.quran.com/api/v4/verses/by_chapter/32?translations=54
[2025-11-29 15:19:42] [INFO]    下载第 33/114 章...
[2025-11-29 15:19:42] [INFO] Fetching: https://api.quran.com/api/v4/verses/by_chapter/33?translations=54
[2025-11-29 15:19:43] [INFO]    下载第 34/114 章...
[2025-11-29 15:19:43] [INFO] Fetching: https://api.quran.com/api/v4/verses/by_chapter/34?translations=54
[2025-11-29 15:19:45] [INFO]    下载第 35/114 章...
[2025-11-29 15:19:45] [INFO] Fetching: https://api.quran.com/api/v4/verses/by_chapter/35?translations=54
[2025-11-29 15:19:47] [INFO]    下载第 36/114 章...
[2025-11-29 15:19:47] [INFO] Fetching: https://api.quran.com/api/v4/verses/by_chapter/36?translations=54
[2025-11-29 15:19:48] [INFO]    下载第 37/114 章...
[2025-11-29 15:19:48] [INFO] Fetching: https://api.quran.com/api/v4/verses/by_chapter/37?translations=54
[2025-11-29 15:19:50] [INFO]    下载第 38/114 章...
[2025-11-29 15:19:50] [INFO] Fetching: https://api.quran.com/api/v4/verses/by_chapter/38?translations=54
[2025-11-29 16:50:17] [ERROR] Attempt 1/3 failed: HTTPSConnectionPool(host='api.quran.com', port=443): Max retries exceeded with url: /api/v4/verses/by_chapter/38?translations=54 (Caused by NewConnectionError('<urllib3.connection.HTTPSConnection object at 0x1036e1bd0>: Failed to establish a new connection: [Errno 51] Network is unreachable'))
[2025-11-29 16:50:17] [WARN] Retrying in 2 seconds...
[2025-11-29 16:50:19] [INFO] Fetching: https://api.quran.com/api/v4/verses/by_chapter/38?translations=54
[2025-11-29 16:50:19] [ERROR] Attempt 2/3 failed: HTTPSConnectionPool(host='api.quran.com', port=443): Max retries exceeded with url: /api/v4/verses/by_chapter/38?translations=54 (Caused by NameResolutionError("<urllib3.connection.HTTPSConnection object at 0x1036e3750>: Failed to resolve 'api.quran.com' ([Errno 8] nodename nor servname provided, or not known)"))
[2025-11-29 16:50:19] [WARN] Retrying in 2 seconds...
[2025-11-29 16:50:21] [INFO] Fetching: https://api.quran.com/api/v4/verses/by_chapter/38?translations=54
[2025-11-29 16:50:21] [ERROR] Attempt 3/3 failed: HTTPSConnectionPool(host='api.quran.com', port=443): Max retries exceeded with url: /api/v4/verses/by_chapter/38?translations=54 (Caused by NameResolutionError("<urllib3.connection.HTTPSConnection object at 0x1036e3b10>: Failed to resolve 'api.quran.com' ([Errno 8] nodename nor servname provided, or not known)"))
[2025-11-29 16:50:21] [ERROR] Max retries reached. Skipping.
[2025-11-29 16:50:21] [ERROR] ❌ 下载失败: Maulana Muhammad Junagarhi
[2025-11-29 16:50:22] [INFO] 进度: 3/18
[2025-11-29 16:50:22] [INFO] ============================================================
[2025-11-29 16:50:22] [INFO] 处理翻译: Fe Zilal al-Qur'an
[2025-11-29 16:50:22] [INFO] ID: 156
[2025-11-29 16:50:22] [INFO] 生成的 Slug: ur_156_sayyid-qatab
[2025-11-29 16:50:22] [INFO] 语言: urdu
[2025-11-29 16:50:22] [INFO] ============================================================
[2025-11-29 16:50:22] [INFO] 📥 下载原始数据...
[2025-11-29 16:50:22] [INFO]    下载第 1/114 章...
[2025-11-29 16:50:22] [INFO] Fetching: https://api.quran.com/api/v4/verses/by_chapter/1?translations=156
[2025-11-29 16:50:22] [ERROR] Attempt 1/3 failed: HTTPSConnectionPool(host='api.quran.com', port=443): Max retries exceeded with url: /api/v4/verses/by_chapter/1?translations=156 (Caused by NameResolutionError("<urllib3.connection.HTTPSConnection object at 0x1036e3ed0>: Failed to resolve 'api.quran.com' ([Errno 8] nodename nor servname provided, or not known)"))
[2025-11-29 16:50:22] [WARN] Retrying in 2 seconds...
[2025-11-29 16:50:24] [INFO] Fetching: https://api.quran.com/api/v4/verses/by_chapter/1?translations=156
[2025-11-29 16:50:24] [ERROR] Attempt 2/3 failed: HTTPSConnectionPool(host='api.quran.com', port=443): Max retries exceeded with url: /api/v4/verses/by_chapter/1?translations=156 (Caused by NameResolutionError("<urllib3.connection.HTTPSConnection object at 0x103d8c190>: Failed to resolve 'api.quran.com' ([Errno 8] nodename nor servname provided, or not known)"))
[2025-11-29 16:50:24] [WARN] Retrying in 2 seconds...
[2025-11-29 16:50:26] [INFO] Fetching: https://api.quran.com/api/v4/verses/by_chapter/1?translations=156
[2025-11-29 16:50:26] [ERROR] Attempt 3/3 failed: HTTPSConnectionPool(host='api.quran.com', port=443): Max retries exceeded with url: /api/v4/verses/by_chapter/1?translations=156 (Caused by NameResolutionError("<urllib3.connection.HTTPSConnection object at 0x103d8c550>: Failed to resolve 'api.quran.com' ([Errno 8] nodename nor servname provided, or not known)"))
[2025-11-29 16:50:26] [ERROR] Max retries reached. Skipping.
[2025-11-29 16:50:26] [ERROR] ❌ 下载失败: Fe Zilal al-Qur'an
[2025-11-29 16:50:27] [INFO] 进度: 4/18
[2025-11-29 16:50:27] [INFO] ============================================================
[2025-11-29 16:50:27] [INFO] 处理翻译: Shaykh al-Hind Mahmud al-Hasan(with Tafsir E Usmani)
[2025-11-29 16:50:27] [INFO] ID: 151
[2025-11-29 16:50:27] [INFO] 生成的 Slug: ur_151_e-usmani
[2025-11-29 16:50:27] [INFO] 语言: urdu
[2025-11-29 16:50:27] [INFO] ============================================================
[2025-11-29 16:50:27] [INFO] 📥 下载原始数据...
[2025-11-29 16:50:27] [INFO]    下载第 1/114 章...
[2025-11-29 16:50:27] [INFO] Fetching: https://api.quran.com/api/v4/verses/by_chapter/1?translations=151
[2025-11-29 16:50:27] [ERROR] Attempt 1/3 failed: HTTPSConnectionPool(host='api.quran.com', port=443): Max retries exceeded with url: /api/v4/verses/by_chapter/1?translations=151 (Caused by NameResolutionError("<urllib3.connection.HTTPSConnection object at 0x103d8c910>: Failed to resolve 'api.quran.com' ([Errno 8] nodename nor servname provided, or not known)"))
[2025-11-29 16:50:27] [WARN] Retrying in 2 seconds...
[2025-11-29 16:50:29] [INFO] Fetching: https://api.quran.com/api/v4/verses/by_chapter/1?translations=151
[2025-11-29 16:50:29] [ERROR] Attempt 2/3 failed: HTTPSConnectionPool(host='api.quran.com', port=443): Max retries exceeded with url: /api/v4/verses/by_chapter/1?translations=151 (Caused by NameResolutionError("<urllib3.connection.HTTPSConnection object at 0x1036e3ed0>: Failed to resolve 'api.quran.com' ([Errno 8] nodename nor servname provided, or not known)"))
[2025-11-29 16:50:29] [WARN] Retrying in 2 seconds...
[2025-11-29 16:50:31] [INFO] Fetching: https://api.quran.com/api/v4/verses/by_chapter/1?translations=151
[2025-11-29 16:50:31] [ERROR] Attempt 3/3 failed: HTTPSConnectionPool(host='api.quran.com', port=443): Max retries exceeded with url: /api/v4/verses/by_chapter/1?translations=151 (Caused by NameResolutionError("<urllib3.connection.HTTPSConnection object at 0x1036e3b10>: Failed to resolve 'api.quran.com' ([Errno 8] nodename nor servname provided, or not known)"))
[2025-11-29 16:50:31] [ERROR] Max retries reached. Skipping.
[2025-11-29 16:50:31] [ERROR] ❌ 下载失败: Shaykh al-Hind Mahmud al-Hasan(with Tafsir E Usmani)
[2025-11-29 16:50:32] [INFO] 进度: 5/18
[2025-11-29 16:50:32] [INFO] ============================================================
[2025-11-29 16:50:32] [INFO] 处理翻译: Bayan-ul-Quran
[2025-11-29 16:50:32] [INFO] ID: 158
[2025-11-29 16:50:32] [INFO] 生成的 Slug: ur_158_ul-quran
[2025-11-29 16:50:32] [INFO] 语言: urdu
[2025-11-29 16:50:32] [INFO] ============================================================
[2025-11-29 16:50:32] [INFO] 📥 下载原始数据...
[2025-11-29 16:50:32] [INFO]    下载第 1/114 章...
[2025-11-29 16:50:32] [INFO] Fetching: https://api.quran.com/api/v4/verses/by_chapter/1?translations=158
[2025-11-29 16:50:32] [ERROR] Attempt 1/3 failed: HTTPSConnectionPool(host='api.quran.com', port=443): Max retries exceeded with url: /api/v4/verses/by_chapter/1?translations=158 (Caused by NameResolutionError("<urllib3.connection.HTTPSConnection object at 0x1036e3750>: Failed to resolve 'api.quran.com' ([Errno 8] nodename nor servname provided, or not known)"))
[2025-11-29 16:50:32] [WARN] Retrying in 2 seconds...
[2025-11-29 16:50:34] [INFO] Fetching: https://api.quran.com/api/v4/verses/by_chapter/1?translations=158
[2025-11-29 16:50:34] [ERROR] Attempt 2/3 failed: HTTPSConnectionPool(host='api.quran.com', port=443): Max retries exceeded with url: /api/v4/verses/by_chapter/1?translations=158 (Caused by NameResolutionError("<urllib3.connection.HTTPSConnection object at 0x1036e1bd0>: Failed to resolve 'api.quran.com' ([Errno 8] nodename nor servname provided, or not known)"))
[2025-11-29 16:50:34] [WARN] Retrying in 2 seconds...
[2025-11-29 16:50:36] [INFO] Fetching: https://api.quran.com/api/v4/verses/by_chapter/1?translations=158
[2025-11-29 16:50:36] [ERROR] Attempt 3/3 failed: HTTPSConnectionPool(host='api.quran.com', port=443): Max retries exceeded with url: /api/v4/verses/by_chapter/1?translations=158 (Caused by NameResolutionError("<urllib3.connection.HTTPSConnection object at 0x1036e3250>: Failed to resolve 'api.quran.com' ([Errno 8] nodename nor servname provided, or not known)"))
[2025-11-29 16:50:36] [ERROR] Max retries reached. Skipping.
[2025-11-29 16:50:36] [ERROR] ❌ 下载失败: Bayan-ul-Quran
[2025-11-29 16:50:37] [INFO] 进度: 6/18
[2025-11-29 16:50:37] [INFO] ============================================================
[2025-11-29 16:50:37] [INFO] 处理翻译: Tafheem e Qur'an - Syed Abu Ali Maududi
[2025-11-29 16:50:37] [INFO] ID: 97
[2025-11-29 16:50:37] [INFO] 生成的 Slug: ur_97_al-maududi
[2025-11-29 16:50:37] [INFO] 语言: urdu
[2025-11-29 16:50:37] [INFO] ============================================================
[2025-11-29 16:50:37] [INFO] 📥 下载原始数据...
[2025-11-29 16:50:37] [INFO]    下载第 1/114 章...
[2025-11-29 16:50:37] [INFO] Fetching: https://api.quran.com/api/v4/verses/by_chapter/1?translations=97
[2025-11-29 16:50:37] [ERROR] Attempt 1/3 failed: HTTPSConnectionPool(host='api.quran.com', port=443): Max retries exceeded with url: /api/v4/verses/by_chapter/1?translations=97 (Caused by NameResolutionError("<urllib3.connection.HTTPSConnection object at 0x1036e2c10>: Failed to resolve 'api.quran.com' ([Errno 8] nodename nor servname provided, or not known)"))
[2025-11-29 16:50:37] [WARN] Retrying in 2 seconds...
[2025-11-29 16:50:39] [INFO] Fetching: https://api.quran.com/api/v4/verses/by_chapter/1?translations=97
[2025-11-29 16:50:39] [ERROR] Attempt 2/3 failed: HTTPSConnectionPool(host='api.quran.com', port=443): Max retries exceeded with url: /api/v4/verses/by_chapter/1?translations=97 (Caused by NameResolutionError("<urllib3.connection.HTTPSConnection object at 0x1036e20d0>: Failed to resolve 'api.quran.com' ([Errno 8] nodename nor servname provided, or not known)"))
[2025-11-29 16:50:39] [WARN] Retrying in 2 seconds...
[2025-11-29 16:50:41] [INFO] Fetching: https://api.quran.com/api/v4/verses/by_chapter/1?translations=97
[2025-11-29 16:50:41] [ERROR] Attempt 3/3 failed: HTTPSConnectionPool(host='api.quran.com', port=443): Max retries exceeded with url: /api/v4/verses/by_chapter/1?translations=97 (Caused by NameResolutionError("<urllib3.connection.HTTPSConnection object at 0x1036e2fd0>: Failed to resolve 'api.quran.com' ([Errno 8] nodename nor servname provided, or not known)"))
[2025-11-29 16:50:41] [ERROR] Max retries reached. Skipping.
[2025-11-29 16:50:41] [ERROR] ❌ 下载失败: Tafheem e Qur'an - Syed Abu Ali Maududi
[2025-11-29 16:50:42] [INFO] 进度: 7/18
[2025-11-29 16:50:42] [INFO] ============================================================
[2025-11-29 16:50:42] [INFO] 处理翻译: King Fahad Quran Complex
[2025-11-29 16:50:42] [INFO] ID: 134
[2025-11-29 16:50:42] [INFO] 生成的 Slug: id_134_king-fahad-quran-complex
[2025-11-29 16:50:42] [INFO] 语言: indonesian
[2025-11-29 16:50:42] [INFO] ============================================================
[2025-11-29 16:50:42] [INFO] 📥 下载原始数据...
[2025-11-29 16:50:42] [INFO]    下载第 1/114 章...
[2025-11-29 16:50:42] [INFO] Fetching: https://api.quran.com/api/v4/verses/by_chapter/1?translations=134
[2025-11-29 16:50:42] [ERROR] Attempt 1/3 failed: HTTPSConnectionPool(host='api.quran.com', port=443): Max retries exceeded with url: /api/v4/verses/by_chapter/1?translations=134 (Caused by NameResolutionError("<urllib3.connection.HTTPSConnection object at 0x1036e3610>: Failed to resolve 'api.quran.com' ([Errno 8] nodename nor servname provided, or not known)"))
[2025-11-29 16:50:42] [WARN] Retrying in 2 seconds...
[2025-11-29 16:50:44] [INFO] Fetching: https://api.quran.com/api/v4/verses/by_chapter/1?translations=134
[2025-11-29 16:50:44] [ERROR] Attempt 2/3 failed: HTTPSConnectionPool(host='api.quran.com', port=443): Max retries exceeded with url: /api/v4/verses/by_chapter/1?translations=134 (Caused by NameResolutionError("<urllib3.connection.HTTPSConnection object at 0x103d642d0>: Failed to resolve 'api.quran.com' ([Errno 8] nodename nor servname provided, or not known)"))
[2025-11-29 16:50:44] [WARN] Retrying in 2 seconds...
[2025-11-29 16:50:46] [INFO] Fetching: https://api.quran.com/api/v4/verses/by_chapter/1?translations=134
[2025-11-29 16:50:46] [ERROR] Attempt 3/3 failed: HTTPSConnectionPool(host='api.quran.com', port=443): Max retries exceeded with url: /api/v4/verses/by_chapter/1?translations=134 (Caused by NameResolutionError("<urllib3.connection.HTTPSConnection object at 0x103d64690>: Failed to resolve 'api.quran.com' ([Errno 8] nodename nor servname provided, or not known)"))
[2025-11-29 16:50:46] [ERROR] Max retries reached. Skipping.
[2025-11-29 16:50:46] [ERROR] ❌ 下载失败: King Fahad Quran Complex
[2025-11-29 16:50:47] [INFO] 进度: 8/18
[2025-11-29 16:50:47] [INFO] ============================================================
[2025-11-29 16:50:47] [INFO] 处理翻译: Taisirul Quran
[2025-11-29 16:50:47] [INFO] ID: 161
[2025-11-29 16:50:47] [INFO] 生成的 Slug: bn_161_taisirul-quran
[2025-11-29 16:50:47] [INFO] 语言: bengali
[2025-11-29 16:50:47] [INFO] ============================================================
[2025-11-29 16:50:47] [INFO] 📥 下载原始数据...
[2025-11-29 16:50:47] [INFO]    下载第 1/114 章...
[2025-11-29 16:50:47] [INFO] Fetching: https://api.quran.com/api/v4/verses/by_chapter/1?translations=161
[2025-11-29 16:50:47] [ERROR] Attempt 1/3 failed: HTTPSConnectionPool(host='api.quran.com', port=443): Max retries exceeded with url: /api/v4/verses/by_chapter/1?translations=161 (Caused by NameResolutionError("<urllib3.connection.HTTPSConnection object at 0x103d64a50>: Failed to resolve 'api.quran.com' ([Errno 8] nodename nor servname provided, or not known)"))
[2025-11-29 16:50:47] [WARN] Retrying in 2 seconds...
[2025-11-29 16:50:49] [INFO] Fetching: https://api.quran.com/api/v4/verses/by_chapter/1?translations=161
[2025-11-29 16:50:49] [ERROR] Attempt 2/3 failed: HTTPSConnectionPool(host='api.quran.com', port=443): Max retries exceeded with url: /api/v4/verses/by_chapter/1?translations=161 (Caused by NameResolutionError("<urllib3.connection.HTTPSConnection object at 0x103d64e10>: Failed to resolve 'api.quran.com' ([Errno 8] nodename nor servname provided, or not known)"))
[2025-11-29 16:50:49] [WARN] Retrying in 2 seconds...
[2025-11-29 16:50:51] [INFO] Fetching: https://api.quran.com/api/v4/verses/by_chapter/1?translations=161
[2025-11-29 16:50:51] [ERROR] Attempt 3/3 failed: HTTPSConnectionPool(host='api.quran.com', port=443): Max retries exceeded with url: /api/v4/verses/by_chapter/1?translations=161 (Caused by NameResolutionError("<urllib3.connection.HTTPSConnection object at 0x103d651d0>: Failed to resolve 'api.quran.com' ([Errno 8] nodename nor servname provided, or not known)"))
[2025-11-29 16:50:51] [ERROR] Max retries reached. Skipping.
[2025-11-29 16:50:51] [ERROR] ❌ 下载失败: Taisirul Quran
[2025-11-29 16:50:52] [INFO] 进度: 9/18
[2025-11-29 16:50:52] [INFO] ============================================================
[2025-11-29 16:50:52] [INFO] 处理翻译: Sheikh Mujibur Rahman
[2025-11-29 16:50:52] [INFO] ID: 163
[2025-11-29 16:50:52] [INFO] 生成的 Slug: bn_163_sheikh-mujibur-rahman
[2025-11-29 16:50:52] [INFO] 语言: bengali
[2025-11-29 16:50:52] [INFO] ============================================================
[2025-11-29 16:50:52] [INFO] 📥 下载原始数据...
[2025-11-29 16:50:52] [INFO]    下载第 1/114 章...
[2025-11-29 16:50:52] [INFO] Fetching: https://api.quran.com/api/v4/verses/by_chapter/1?translations=163
[2025-11-29 16:50:52] [ERROR] Attempt 1/3 failed: HTTPSConnectionPool(host='api.quran.com', port=443): Max retries exceeded with url: /api/v4/verses/by_chapter/1?translations=163 (Caused by NameResolutionError("<urllib3.connection.HTTPSConnection object at 0x103d65590>: Failed to resolve 'api.quran.com' ([Errno 8] nodename nor servname provided, or not known)"))
[2025-11-29 16:50:52] [WARN] Retrying in 2 seconds...
[2025-11-29 16:50:54] [INFO] Fetching: https://api.quran.com/api/v4/verses/by_chapter/1?translations=163
[2025-11-29 16:50:54] [ERROR] Attempt 2/3 failed: HTTPSConnectionPool(host='api.quran.com', port=443): Max retries exceeded with url: /api/v4/verses/by_chapter/1?translations=163 (Caused by NameResolutionError("<urllib3.connection.HTTPSConnection object at 0x103d65950>: Failed to resolve 'api.quran.com' ([Errno 8] nodename nor servname provided, or not known)"))
[2025-11-29 16:50:54] [WARN] Retrying in 2 seconds...
[2025-11-29 16:50:56] [INFO] Fetching: https://api.quran.com/api/v4/verses/by_chapter/1?translations=163
[2025-11-29 16:50:56] [ERROR] Attempt 3/3 failed: HTTPSConnectionPool(host='api.quran.com', port=443): Max retries exceeded with url: /api/v4/verses/by_chapter/1?translations=163 (Caused by NameResolutionError("<urllib3.connection.HTTPSConnection object at 0x1036e3610>: Failed to resolve 'api.quran.com' ([Errno 8] nodename nor servname provided, or not known)"))
[2025-11-29 16:50:56] [ERROR] Max retries reached. Skipping.
[2025-11-29 16:50:56] [ERROR] ❌ 下载失败: Sheikh Mujibur Rahman
[2025-11-29 16:50:57] [INFO] 进度: 10/18
[2025-11-29 16:50:57] [INFO] ============================================================
[2025-11-29 16:50:57] [INFO] 处理翻译: Rawai Al-bayan
[2025-11-29 16:50:57] [INFO] ID: 162
[2025-11-29 16:50:57] [INFO] 生成的 Slug: bn_162_rawai-al-bayan
[2025-11-29 16:50:57] [INFO] 语言: bengali
[2025-11-29 16:50:57] [INFO] ============================================================
[2025-11-29 16:50:57] [INFO] 📥 下载原始数据...
[2025-11-29 16:50:57] [INFO]    下载第 1/114 章...
[2025-11-29 16:50:57] [INFO] Fetching: https://api.quran.com/api/v4/verses/by_chapter/1?translations=162
[2025-11-29 16:50:57] [ERROR] Attempt 1/3 failed: HTTPSConnectionPool(host='api.quran.com', port=443): Max retries exceeded with url: /api/v4/verses/by_chapter/1?translations=162 (Caused by NameResolutionError("<urllib3.connection.HTTPSConnection object at 0x1036e2e90>: Failed to resolve 'api.quran.com' ([Errno 8] nodename nor servname provided, or not known)"))
[2025-11-29 16:50:57] [WARN] Retrying in 2 seconds...
[2025-11-29 16:50:59] [INFO] Fetching: https://api.quran.com/api/v4/verses/by_chapter/1?translations=162
[2025-11-29 16:50:59] [ERROR] Attempt 2/3 failed: HTTPSConnectionPool(host='api.quran.com', port=443): Max retries exceeded with url: /api/v4/verses/by_chapter/1?translations=162 (Caused by NameResolutionError("<urllib3.connection.HTTPSConnection object at 0x1036e25d0>: Failed to resolve 'api.quran.com' ([Errno 8] nodename nor servname provided, or not known)"))
[2025-11-29 16:50:59] [WARN] Retrying in 2 seconds...
[2025-11-29 16:51:01] [INFO] Fetching: https://api.quran.com/api/v4/verses/by_chapter/1?translations=162
[2025-11-29 16:51:01] [ERROR] Attempt 3/3 failed: HTTPSConnectionPool(host='api.quran.com', port=443): Max retries exceeded with url: /api/v4/verses/by_chapter/1?translations=162 (Caused by NameResolutionError("<urllib3.connection.HTTPSConnection object at 0x1036e2d50>: Failed to resolve 'api.quran.com' ([Errno 8] nodename nor servname provided, or not known)"))
[2025-11-29 16:51:01] [ERROR] Max retries reached. Skipping.
[2025-11-29 16:51:01] [ERROR] ❌ 下载失败: Rawai Al-bayan
[2025-11-29 16:51:02] [INFO] 进度: 11/18
[2025-11-29 16:51:02] [INFO] ============================================================
[2025-11-29 16:51:02] [INFO] 处理翻译: Dar Al-Salam Center
[2025-11-29 16:51:02] [INFO] ID: 210
[2025-11-29 16:51:02] [INFO] 生成的 Slug: tr_210_dar-al-salam-center
[2025-11-29 16:51:02] [INFO] 语言: turkish
[2025-11-29 16:51:02] [INFO] ============================================================
[2025-11-29 16:51:02] [INFO] 📥 下载原始数据...
[2025-11-29 16:51:02] [INFO]    下载第 1/114 章...
[2025-11-29 16:51:02] [INFO] Fetching: https://api.quran.com/api/v4/verses/by_chapter/1?translations=210
[2025-11-29 16:51:02] [ERROR] Attempt 1/3 failed: HTTPSConnectionPool(host='api.quran.com', port=443): Max retries exceeded with url: /api/v4/verses/by_chapter/1?translations=210 (Caused by NameResolutionError("<urllib3.connection.HTTPSConnection object at 0x1036e2350>: Failed to resolve 'api.quran.com' ([Errno 8] nodename nor servname provided, or not known)"))
[2025-11-29 16:51:02] [WARN] Retrying in 2 seconds...
[2025-11-29 16:51:04] [INFO] Fetching: https://api.quran.com/api/v4/verses/by_chapter/1?translations=210
[2025-11-29 16:51:04] [ERROR] Attempt 2/3 failed: HTTPSConnectionPool(host='api.quran.com', port=443): Max retries exceeded with url: /api/v4/verses/by_chapter/1?translations=210 (Caused by NameResolutionError("<urllib3.connection.HTTPSConnection object at 0x1036e1d10>: Failed to resolve 'api.quran.com' ([Errno 8] nodename nor servname provided, or not known)"))
[2025-11-29 16:51:04] [WARN] Retrying in 2 seconds...
[2025-11-29 16:51:06] [INFO] Fetching: https://api.quran.com/api/v4/verses/by_chapter/1?translations=210
[2025-11-29 16:51:06] [ERROR] Attempt 3/3 failed: HTTPSConnectionPool(host='api.quran.com', port=443): Max retries exceeded with url: /api/v4/verses/by_chapter/1?translations=210 (Caused by NameResolutionError("<urllib3.connection.HTTPSConnection object at 0x1036e3890>: Failed to resolve 'api.quran.com' ([Errno 8] nodename nor servname provided, or not known)"))
[2025-11-29 16:51:06] [ERROR] Max retries reached. Skipping.
[2025-11-29 16:51:06] [ERROR] ❌ 下载失败: Dar Al-Salam Center
[2025-11-29 16:51:07] [INFO] 进度: 12/18
[2025-11-29 16:51:07] [INFO] ============================================================
[2025-11-29 16:51:07] [INFO] 处理翻译: The Sabiq Company
[2025-11-29 16:51:07] [INFO] ID: 141
[2025-11-29 16:51:07] [INFO] 生成的 Slug: id_141_the-sabiq-company
[2025-11-29 16:51:07] [INFO] 语言: indonesian
[2025-11-29 16:51:07] [INFO] ============================================================
[2025-11-29 16:51:07] [INFO] 📥 下载原始数据...
[2025-11-29 16:51:07] [INFO]    下载第 1/114 章...
[2025-11-29 16:51:07] [INFO] Fetching: https://api.quran.com/api/v4/verses/by_chapter/1?translations=141
[2025-11-29 16:51:07] [ERROR] Attempt 1/3 failed: HTTPSConnectionPool(host='api.quran.com', port=443): Max retries exceeded with url: /api/v4/verses/by_chapter/1?translations=141 (Caused by NameResolutionError("<urllib3.connection.HTTPSConnection object at 0x1036e3c50>: Failed to resolve 'api.quran.com' ([Errno 8] nodename nor servname provided, or not known)"))
[2025-11-29 16:51:07] [WARN] Retrying in 2 seconds...
[2025-11-29 16:51:10] [INFO] Fetching: https://api.quran.com/api/v4/verses/by_chapter/1?translations=141
[2025-11-29 16:51:10] [ERROR] Attempt 2/3 failed: HTTPSConnectionPool(host='api.quran.com', port=443): Max retries exceeded with url: /api/v4/verses/by_chapter/1?translations=141 (Caused by NameResolutionError("<urllib3.connection.HTTPSConnection object at 0x1036e1a90>: Failed to resolve 'api.quran.com' ([Errno 8] nodename nor servname provided, or not known)"))
[2025-11-29 16:51:10] [WARN] Retrying in 2 seconds...
[2025-11-29 16:51:12] [INFO] Fetching: https://api.quran.com/api/v4/verses/by_chapter/1?translations=141
[2025-11-29 16:51:12] [ERROR] Attempt 3/3 failed: HTTPSConnectionPool(host='api.quran.com', port=443): Max retries exceeded with url: /api/v4/verses/by_chapter/1?translations=141 (Caused by NameResolutionError("<urllib3.connection.HTTPSConnection object at 0x103d082d0>: Failed to resolve 'api.quran.com' ([Errno 8] nodename nor servname provided, or not known)"))
[2025-11-29 16:51:12] [ERROR] Max retries reached. Skipping.
[2025-11-29 16:51:12] [ERROR] ❌ 下载失败: The Sabiq Company
[2025-11-29 16:51:13] [INFO] 进度: 13/18
[2025-11-29 16:51:13] [INFO] ============================================================
[2025-11-29 16:51:13] [INFO] 处理翻译: Turkish Translation(Diyanet)
[2025-11-29 16:51:13] [INFO] ID: 77
[2025-11-29 16:51:13] [INFO] 生成的 Slug: tr_77_turkish-translationdiyanet
[2025-11-29 16:51:13] [INFO] 语言: turkish
[2025-11-29 16:51:13] [INFO] ============================================================
[2025-11-29 16:51:13] [INFO] 📥 下载原始数据...
[2025-11-29 16:51:13] [INFO]    下载第 1/114 章...
[2025-11-29 16:51:13] [INFO] Fetching: https://api.quran.com/api/v4/verses/by_chapter/1?translations=77
[2025-11-29 16:51:13] [ERROR] Attempt 1/3 failed: HTTPSConnectionPool(host='api.quran.com', port=443): Max retries exceeded with url: /api/v4/verses/by_chapter/1?translations=77 (Caused by NameResolutionError("<urllib3.connection.HTTPSConnection object at 0x103d08690>: Failed to resolve 'api.quran.com' ([Errno 8] nodename nor servname provided, or not known)"))
[2025-11-29 16:51:13] [WARN] Retrying in 2 seconds...
[2025-11-29 16:51:15] [INFO] Fetching: https://api.quran.com/api/v4/verses/by_chapter/1?translations=77
[2025-11-29 16:51:15] [ERROR] Attempt 2/3 failed: HTTPSConnectionPool(host='api.quran.com', port=443): Max retries exceeded with url: /api/v4/verses/by_chapter/1?translations=77 (Caused by NameResolutionError("<urllib3.connection.HTTPSConnection object at 0x103d08b90>: Failed to resolve 'api.quran.com' ([Errno 8] nodename nor servname provided, or not known)"))
[2025-11-29 16:51:15] [WARN] Retrying in 2 seconds...
[2025-11-29 16:51:17] [INFO] Fetching: https://api.quran.com/api/v4/verses/by_chapter/1?translations=77
[2025-11-29 16:51:17] [ERROR] Attempt 3/3 failed: HTTPSConnectionPool(host='api.quran.com', port=443): Max retries exceeded with url: /api/v4/verses/by_chapter/1?translations=77 (Caused by NameResolutionError("<urllib3.connection.HTTPSConnection object at 0x103d08a50>: Failed to resolve 'api.quran.com' ([Errno 8] nodename nor servname provided, or not known)"))
[2025-11-29 16:51:17] [ERROR] Max retries reached. Skipping.
[2025-11-29 16:51:17] [ERROR] ❌ 下载失败: Turkish Translation(Diyanet)
[2025-11-29 16:51:18] [INFO] 进度: 14/18
[2025-11-29 16:51:18] [INFO] ============================================================
[2025-11-29 16:51:18] [INFO] 处理翻译: Abdullah Muhammad Basmeih
[2025-11-29 16:51:18] [INFO] ID: 39
[2025-11-29 16:51:18] [INFO] 生成的 Slug: ms_39_abdullah
[2025-11-29 16:51:18] [INFO] 语言: malay
[2025-11-29 16:51:18] [INFO] ============================================================
[2025-11-29 16:51:18] [INFO] 📥 下载原始数据...
[2025-11-29 16:51:18] [INFO]    下载第 1/114 章...
[2025-11-29 16:51:18] [INFO] Fetching: https://api.quran.com/api/v4/verses/by_chapter/1?translations=39
[2025-11-29 16:51:18] [ERROR] Attempt 1/3 failed: HTTPSConnectionPool(host='api.quran.com', port=443): Max retries exceeded with url: /api/v4/verses/by_chapter/1?translations=39 (Caused by NameResolutionError("<urllib3.connection.HTTPSConnection object at 0x103d091d0>: Failed to resolve 'api.quran.com' ([Errno 8] nodename nor servname provided, or not known)"))
[2025-11-29 16:51:18] [WARN] Retrying in 2 seconds...
[2025-11-29 16:51:20] [INFO] Fetching: https://api.quran.com/api/v4/verses/by_chapter/1?translations=39
[2025-11-29 16:51:20] [ERROR] Attempt 2/3 failed: HTTPSConnectionPool(host='api.quran.com', port=443): Max retries exceeded with url: /api/v4/verses/by_chapter/1?translations=39 (Caused by NameResolutionError("<urllib3.connection.HTTPSConnection object at 0x103d09590>: Failed to resolve 'api.quran.com' ([Errno 8] nodename nor servname provided, or not known)"))
[2025-11-29 16:51:20] [WARN] Retrying in 2 seconds...
[2025-11-29 16:51:22] [INFO] Fetching: https://api.quran.com/api/v4/verses/by_chapter/1?translations=39
[2025-11-29 16:51:22] [ERROR] Attempt 3/3 failed: HTTPSConnectionPool(host='api.quran.com', port=443): Max retries exceeded with url: /api/v4/verses/by_chapter/1?translations=39 (Caused by NameResolutionError("<urllib3.connection.HTTPSConnection object at 0x103d09950>: Failed to resolve 'api.quran.com' ([Errno 8] nodename nor servname provided, or not known)"))
[2025-11-29 16:51:22] [ERROR] Max retries reached. Skipping.
[2025-11-29 16:51:22] [ERROR] ❌ 下载失败: Abdullah Muhammad Basmeih
[2025-11-29 16:51:23] [INFO] 进度: 15/18
[2025-11-29 16:51:23] [INFO] ============================================================
[2025-11-29 16:51:23] [INFO] 处理翻译: Muslim Shahin
[2025-11-29 16:51:23] [INFO] ID: 124
[2025-11-29 16:51:23] [INFO] 生成的 Slug: tr_124_muslim-shahin
[2025-11-29 16:51:23] [INFO] 语言: turkish
[2025-11-29 16:51:23] [INFO] ============================================================
[2025-11-29 16:51:23] [INFO] 📥 下载原始数据...
[2025-11-29 16:51:23] [INFO]    下载第 1/114 章...
[2025-11-29 16:51:23] [INFO] Fetching: https://api.quran.com/api/v4/verses/by_chapter/1?translations=124
[2025-11-29 16:51:23] [ERROR] Attempt 1/3 failed: HTTPSConnectionPool(host='api.quran.com', port=443): Max retries exceeded with url: /api/v4/verses/by_chapter/1?translations=124 (Caused by NameResolutionError("<urllib3.connection.HTTPSConnection object at 0x103d09d10>: Failed to resolve 'api.quran.com' ([Errno 8] nodename nor servname provided, or not known)"))
[2025-11-29 16:51:23] [WARN] Retrying in 2 seconds...
[2025-11-29 16:51:25] [INFO] Fetching: https://api.quran.com/api/v4/verses/by_chapter/1?translations=124
[2025-11-29 16:51:25] [ERROR] Attempt 2/3 failed: HTTPSConnectionPool(host='api.quran.com', port=443): Max retries exceeded with url: /api/v4/verses/by_chapter/1?translations=124 (Caused by NameResolutionError("<urllib3.connection.HTTPSConnection object at 0x1036e1a90>: Failed to resolve 'api.quran.com' ([Errno 8] nodename nor servname provided, or not known)"))
[2025-11-29 16:51:25] [WARN] Retrying in 2 seconds...
[2025-11-29 16:51:27] [INFO] Fetching: https://api.quran.com/api/v4/verses/by_chapter/1?translations=124
[2025-11-29 16:51:27] [ERROR] Attempt 3/3 failed: HTTPSConnectionPool(host='api.quran.com', port=443): Max retries exceeded with url: /api/v4/verses/by_chapter/1?translations=124 (Caused by NameResolutionError("<urllib3.connection.HTTPSConnection object at 0x1036e3d90>: Failed to resolve 'api.quran.com' ([Errno 8] nodename nor servname provided, or not known)"))
[2025-11-29 16:51:27] [ERROR] Max retries reached. Skipping.
[2025-11-29 16:51:27] [ERROR] ❌ 下载失败: Muslim Shahin
[2025-11-29 16:51:28] [INFO] 进度: 16/18
[2025-11-29 16:51:28] [INFO] ============================================================
[2025-11-29 16:51:28] [INFO] 处理翻译: Shaban Britch
[2025-11-29 16:51:28] [INFO] ID: 112
[2025-11-29 16:51:28] [INFO] 生成的 Slug: tr_112_shaban-britch
[2025-11-29 16:51:28] [INFO] 语言: turkish
[2025-11-29 16:51:28] [INFO] ============================================================
[2025-11-29 16:51:28] [INFO] 📥 下载原始数据...
[2025-11-29 16:51:28] [INFO]    下载第 1/114 章...
[2025-11-29 16:51:28] [INFO] Fetching: https://api.quran.com/api/v4/verses/by_chapter/1?translations=112
[2025-11-29 16:51:28] [ERROR] Attempt 1/3 failed: HTTPSConnectionPool(host='api.quran.com', port=443): Max retries exceeded with url: /api/v4/verses/by_chapter/1?translations=112 (Caused by NameResolutionError("<urllib3.connection.HTTPSConnection object at 0x1036e39d0>: Failed to resolve 'api.quran.com' ([Errno 8] nodename nor servname provided, or not known)"))
[2025-11-29 16:51:28] [WARN] Retrying in 2 seconds...
[2025-11-29 16:51:30] [INFO] Fetching: https://api.quran.com/api/v4/verses/by_chapter/1?translations=112
[2025-11-29 16:51:30] [ERROR] Attempt 2/3 failed: HTTPSConnectionPool(host='api.quran.com', port=443): Max retries exceeded with url: /api/v4/verses/by_chapter/1?translations=112 (Caused by NameResolutionError("<urllib3.connection.HTTPSConnection object at 0x1036e34d0>: Failed to resolve 'api.quran.com' ([Errno 8] nodename nor servname provided, or not known)"))
[2025-11-29 16:51:30] [WARN] Retrying in 2 seconds...
[2025-11-29 16:51:32] [INFO] Fetching: https://api.quran.com/api/v4/verses/by_chapter/1?translations=112
[2025-11-29 16:51:32] [ERROR] Attempt 3/3 failed: HTTPSConnectionPool(host='api.quran.com', port=443): Max retries exceeded with url: /api/v4/verses/by_chapter/1?translations=112 (Caused by NameResolutionError("<urllib3.connection.HTTPSConnection object at 0x1036e1e50>: Failed to resolve 'api.quran.com' ([Errno 8] nodename nor servname provided, or not known)"))
[2025-11-29 16:51:32] [ERROR] Max retries reached. Skipping.
[2025-11-29 16:51:32] [ERROR] ❌ 下载失败: Shaban Britch
[2025-11-29 16:51:33] [INFO] 进度: 17/18
[2025-11-29 16:51:33] [INFO] ============================================================
[2025-11-29 16:51:33] [INFO] 处理翻译: Elmalili Hamdi Yazir
[2025-11-29 16:51:33] [INFO] ID: 52
[2025-11-29 16:51:33] [INFO] 生成的 Slug: tr_52_hamdi
[2025-11-29 16:51:33] [INFO] 语言: turkish
[2025-11-29 16:51:33] [INFO] ============================================================
[2025-11-29 16:51:33] [INFO] 📥 下载原始数据...
[2025-11-29 16:51:33] [INFO]    下载第 1/114 章...
[2025-11-29 16:51:33] [INFO] Fetching: https://api.quran.com/api/v4/verses/by_chapter/1?translations=52
[2025-11-29 16:51:33] [ERROR] Attempt 1/3 failed: HTTPSConnectionPool(host='api.quran.com', port=443): Max retries exceeded with url: /api/v4/verses/by_chapter/1?translations=52 (Caused by NameResolutionError("<urllib3.connection.HTTPSConnection object at 0x1036e2c10>: Failed to resolve 'api.quran.com' ([Errno 8] nodename nor servname provided, or not known)"))
[2025-11-29 16:51:33] [WARN] Retrying in 2 seconds...
[2025-11-29 16:51:35] [INFO] Fetching: https://api.quran.com/api/v4/verses/by_chapter/1?translations=52
[2025-11-29 16:51:35] [ERROR] Attempt 2/3 failed: HTTPSConnectionPool(host='api.quran.com', port=443): Max retries exceeded with url: /api/v4/verses/by_chapter/1?translations=52 (Caused by NameResolutionError("<urllib3.connection.HTTPSConnection object at 0x1036e2710>: Failed to resolve 'api.quran.com' ([Errno 8] nodename nor servname provided, or not known)"))
[2025-11-29 16:51:35] [WARN] Retrying in 2 seconds...
[2025-11-29 16:51:37] [INFO] Fetching: https://api.quran.com/api/v4/verses/by_chapter/1?translations=52
[2025-11-29 16:51:37] [ERROR] Attempt 3/3 failed: HTTPSConnectionPool(host='api.quran.com', port=443): Max retries exceeded with url: /api/v4/verses/by_chapter/1?translations=52 (Caused by NameResolutionError("<urllib3.connection.HTTPSConnection object at 0x1036e1f90>: Failed to resolve 'api.quran.com' ([Errno 8] nodename nor servname provided, or not known)"))
[2025-11-29 16:51:37] [ERROR] Max retries reached. Skipping.
[2025-11-29 16:51:37] [ERROR] ❌ 下载失败: Elmalili Hamdi Yazir
[2025-11-29 16:51:38] [INFO] 进度: 18/18
[2025-11-29 16:51:38] [INFO] ============================================================
[2025-11-29 16:51:38] [INFO] 处理翻译: Indonesian Islamic Affairs Ministry
[2025-11-29 16:51:38] [INFO] ID: 33
[2025-11-29 16:51:38] [INFO] 生成的 Slug: id_33_indonesian-islamic-affairs-ministry
[2025-11-29 16:51:38] [INFO] 语言: indonesian
[2025-11-29 16:51:38] [INFO] ============================================================
[2025-11-29 16:51:38] [INFO] 📥 下载原始数据...
[2025-11-29 16:51:38] [INFO]    下载第 1/114 章...
[2025-11-29 16:51:38] [INFO] Fetching: https://api.quran.com/api/v4/verses/by_chapter/1?translations=33
[2025-11-29 16:51:38] [ERROR] Attempt 1/3 failed: HTTPSConnectionPool(host='api.quran.com', port=443): Max retries exceeded with url: /api/v4/verses/by_chapter/1?translations=33 (Caused by NameResolutionError("<urllib3.connection.HTTPSConnection object at 0x1036e3390>: Failed to resolve 'api.quran.com' ([Errno 8] nodename nor servname provided, or not known)"))
[2025-11-29 16:51:38] [WARN] Retrying in 2 seconds...
[2025-11-29 16:51:40] [INFO] Fetching: https://api.quran.com/api/v4/verses/by_chapter/1?translations=33
[2025-11-29 16:51:40] [ERROR] Attempt 2/3 failed: HTTPSConnectionPool(host='api.quran.com', port=443): Max retries exceeded with url: /api/v4/verses/by_chapter/1?translations=33 (Caused by NameResolutionError("<urllib3.connection.HTTPSConnection object at 0x103d09e50>: Failed to resolve 'api.quran.com' ([Errno 8] nodename nor servname provided, or not known)"))
[2025-11-29 16:51:40] [WARN] Retrying in 2 seconds...
[2025-11-29 16:51:42] [INFO] Fetching: https://api.quran.com/api/v4/verses/by_chapter/1?translations=33
[2025-11-29 16:51:42] [ERROR] Attempt 3/3 failed: HTTPSConnectionPool(host='api.quran.com', port=443): Max retries exceeded with url: /api/v4/verses/by_chapter/1?translations=33 (Caused by NameResolutionError("<urllib3.connection.HTTPSConnection object at 0x103d09a90>: Failed to resolve 'api.quran.com' ([Errno 8] nodename nor servname provided, or not known)"))
[2025-11-29 16:51:42] [ERROR] Max retries reached. Skipping.
[2025-11-29 16:51:42] [ERROR] ❌ 下载失败: Indonesian Islamic Affairs Ministry
[2025-11-29 16:51:42] [INFO] ============================================================
[2025-11-29 16:51:42] [INFO] 📊 同步完成统计
[2025-11-29 16:51:42] [INFO] ============================================================
[2025-11-29 16:51:42] [INFO] ✅ 成功: 0
[2025-11-29 16:51:42] [INFO] ❌ 失败: 18
[2025-11-29 16:51:42] [INFO] 📁 原始数据: /Users/huwei/AndroidStudioProjects/quran0/scripts/translation_data/raw
[2025-11-29 16:51:42] [INFO] 📁 转换数据: /Users/huwei/AndroidStudioProjects/quran0/scripts/translation_data/converted
[2025-11-29 16:51:42] [INFO] 📄 元数据: /Users/huwei/AndroidStudioProjects/quran0/scripts/translation_data/metadata.json
[2025-11-29 16:51:42] [INFO] ============================================================
[2025-11-29 16:51:42] [WARN] ⚠️ 有 18 个翻译同步失败，请检查日志
