[2025-11-18 18:37:31] [INFO] ============================================================
[2025-11-18 18:37:31] [INFO] 验证 API 访问
[2025-11-18 18:37:31] [INFO] ============================================================
[2025-11-18 18:37:31] [INFO] 
测试 API 端点: /api/v2/tafsir/1
[2025-11-18 18:37:31] [INFO] 正在获取 Surah 1 的 Tafsir...
[2025-11-18 18:37:33] [INFO] ✅ 成功获取 Surah 1 (7 条注释)
[2025-11-18 18:37:33] [INFO] 
✅ API 访问正常
[2025-11-18 18:37:33] [INFO] 响应代码: 200
[2025-11-18 18:37:33] [INFO] 响应状态: None
[2025-11-18 18:37:33] [INFO] 
Surah 信息:
[2025-11-18 18:37:33] [INFO]   - 编号: 1
[2025-11-18 18:37:33] [INFO]   - 名称: الفاتحة
[2025-11-18 18:37:33] [INFO]   - 拉丁名: Al-Fatihah
[2025-11-18 18:37:33] [INFO]   - 含义: Pembukaan
[2025-11-18 18:37:33] [INFO]   - 总计 Ayat: 7
[2025-11-18 18:37:33] [INFO]   - Tafsir 注释数量: 7
[2025-11-18 18:37:33] [INFO] 
第一条 Tafsir 预览:
[2025-11-18 18:37:33] [INFO]   - Ayat: 1
[2025-11-18 18:37:33] [INFO]   - 内容: Surah al-Fatihah dimulai dengan Basmalah

Ada beberapa pendapat ulama berkenaan dengan Basmalah yang...
[2025-11-18 18:37:33] [INFO] 
============================================================
[2025-11-18 18:37:33] [INFO] 
🤖 自动模式：开始完整同步...
[2025-11-18 18:37:33] [INFO] ============================================================
[2025-11-18 18:37:33] [INFO] 开始同步印尼语 Tafsir 数据
[2025-11-18 18:37:33] [INFO] ============================================================
[2025-11-18 18:37:33] [INFO] 创建输出目录: tafsir_data/indonesian
[2025-11-18 18:37:33] [INFO] 
📋 步骤 1: 获取 Tafsir 列表
[2025-11-18 18:37:33] [INFO] 正在获取 Tafsir 列表...
[2025-11-18 18:37:35] [ERROR] ❌ 请求失败 (尝试 1/3): 404 Client Error: Not Found for url: https://equran.id/api/v2/tafsir
[2025-11-18 18:37:39] [ERROR] ❌ 请求失败 (尝试 2/3): 404 Client Error: Not Found for url: https://equran.id/api/v2/tafsir
[2025-11-18 18:37:42] [ERROR] ❌ 请求失败 (尝试 3/3): 404 Client Error: Not Found for url: https://equran.id/api/v2/tafsir
[2025-11-18 18:37:42] [WARN] ⚠️ 无法获取 Tafsir 列表，将直接同步各 Surah
[2025-11-18 18:37:42] [INFO] 
📥 步骤 2: 开始下载所有 Surah 的 Tafsir (共 114 个)
[2025-11-18 18:37:42] [INFO] 
[1/114] 处理 Surah 1...
[2025-11-18 18:37:42] [INFO] 正在获取 Surah 1 的 Tafsir...
[2025-11-18 18:37:44] [INFO] ✅ 成功获取 Surah 1 (7 条注释)
[2025-11-18 18:37:44] [INFO] 保存文件: tafsir_data/indonesian/surah_001_tafsir.json
[2025-11-18 18:37:45] [INFO] 
[2/114] 处理 Surah 2...
[2025-11-18 18:37:45] [INFO] 正在获取 Surah 2 的 Tafsir...
[2025-11-18 18:37:47] [INFO] ✅ 成功获取 Surah 2 (286 条注释)
[2025-11-18 18:37:47] [INFO] 保存文件: tafsir_data/indonesian/surah_002_tafsir.json
[2025-11-18 18:37:47] [INFO] 
[3/114] 处理 Surah 3...
[2025-11-18 18:37:47] [INFO] 正在获取 Surah 3 的 Tafsir...
[2025-11-18 18:37:50] [INFO] ✅ 成功获取 Surah 3 (200 条注释)
[2025-11-18 18:37:50] [INFO] 保存文件: tafsir_data/indonesian/surah_003_tafsir.json
[2025-11-18 18:37:50] [INFO] 
[4/114] 处理 Surah 4...
[2025-11-18 18:37:50] [INFO] 正在获取 Surah 4 的 Tafsir...
[2025-11-18 18:37:53] [INFO] ✅ 成功获取 Surah 4 (176 条注释)
[2025-11-18 18:37:53] [INFO] 保存文件: tafsir_data/indonesian/surah_004_tafsir.json
[2025-11-18 18:37:53] [INFO] 
[5/114] 处理 Surah 5...
[2025-11-18 18:37:53] [INFO] 正在获取 Surah 5 的 Tafsir...
[2025-11-18 18:37:55] [INFO] ✅ 成功获取 Surah 5 (120 条注释)
[2025-11-18 18:37:55] [INFO] 保存文件: tafsir_data/indonesian/surah_005_tafsir.json
[2025-11-18 18:37:55] [INFO] 
[6/114] 处理 Surah 6...
[2025-11-18 18:37:55] [INFO] 正在获取 Surah 6 的 Tafsir...
[2025-11-18 18:37:58] [INFO] ✅ 成功获取 Surah 6 (165 条注释)
[2025-11-18 18:37:58] [INFO] 保存文件: tafsir_data/indonesian/surah_006_tafsir.json
[2025-11-18 18:37:58] [INFO] 
[7/114] 处理 Surah 7...
[2025-11-18 18:37:58] [INFO] 正在获取 Surah 7 的 Tafsir...
[2025-11-18 18:38:00] [INFO] ✅ 成功获取 Surah 7 (206 条注释)
[2025-11-18 18:38:00] [INFO] 保存文件: tafsir_data/indonesian/surah_007_tafsir.json
[2025-11-18 18:38:01] [INFO] 
[8/114] 处理 Surah 8...
[2025-11-18 18:38:01] [INFO] 正在获取 Surah 8 的 Tafsir...
[2025-11-18 18:38:03] [INFO] ✅ 成功获取 Surah 8 (75 条注释)
[2025-11-18 18:38:03] [INFO] 保存文件: tafsir_data/indonesian/surah_008_tafsir.json
[2025-11-18 18:38:03] [INFO] 
[9/114] 处理 Surah 9...
[2025-11-18 18:38:03] [INFO] 正在获取 Surah 9 的 Tafsir...
[2025-11-18 18:38:05] [INFO] ✅ 成功获取 Surah 9 (129 条注释)
[2025-11-18 18:38:05] [INFO] 保存文件: tafsir_data/indonesian/surah_009_tafsir.json
[2025-11-18 18:38:06] [INFO] 
[10/114] 处理 Surah 10...
[2025-11-18 18:38:06] [INFO] 正在获取 Surah 10 的 Tafsir...
[2025-11-18 18:38:08] [INFO] ✅ 成功获取 Surah 10 (109 条注释)
[2025-11-18 18:38:08] [INFO] 保存文件: tafsir_data/indonesian/surah_010_tafsir.json
[2025-11-18 18:38:08] [INFO] 
[11/114] 处理 Surah 11...
[2025-11-18 18:38:08] [INFO] 正在获取 Surah 11 的 Tafsir...
[2025-11-18 18:38:10] [INFO] ✅ 成功获取 Surah 11 (123 条注释)
[2025-11-18 18:38:10] [INFO] 保存文件: tafsir_data/indonesian/surah_011_tafsir.json
[2025-11-18 18:38:11] [INFO] 
[12/114] 处理 Surah 12...
[2025-11-18 18:38:11] [INFO] 正在获取 Surah 12 的 Tafsir...
[2025-11-18 18:38:13] [INFO] ✅ 成功获取 Surah 12 (111 条注释)
[2025-11-18 18:38:13] [INFO] 保存文件: tafsir_data/indonesian/surah_012_tafsir.json
[2025-11-18 18:38:13] [INFO] 
[13/114] 处理 Surah 13...
[2025-11-18 18:38:13] [INFO] 正在获取 Surah 13 的 Tafsir...
[2025-11-18 18:38:15] [INFO] ✅ 成功获取 Surah 13 (43 条注释)
[2025-11-18 18:38:15] [INFO] 保存文件: tafsir_data/indonesian/surah_013_tafsir.json
[2025-11-18 18:38:15] [INFO] 
[14/114] 处理 Surah 14...
[2025-11-18 18:38:15] [INFO] 正在获取 Surah 14 的 Tafsir...
[2025-11-18 18:38:17] [INFO] ✅ 成功获取 Surah 14 (52 条注释)
[2025-11-18 18:38:17] [INFO] 保存文件: tafsir_data/indonesian/surah_014_tafsir.json
[2025-11-18 18:38:18] [INFO] 
[15/114] 处理 Surah 15...
[2025-11-18 18:38:18] [INFO] 正在获取 Surah 15 的 Tafsir...
[2025-11-18 18:38:20] [INFO] ✅ 成功获取 Surah 15 (99 条注释)
[2025-11-18 18:38:20] [INFO] 保存文件: tafsir_data/indonesian/surah_015_tafsir.json
[2025-11-18 18:38:20] [INFO] 
[16/114] 处理 Surah 16...
[2025-11-18 18:38:20] [INFO] 正在获取 Surah 16 的 Tafsir...
[2025-11-18 18:38:22] [INFO] ✅ 成功获取 Surah 16 (128 条注释)
[2025-11-18 18:38:22] [INFO] 保存文件: tafsir_data/indonesian/surah_016_tafsir.json
[2025-11-18 18:38:23] [INFO] 
[17/114] 处理 Surah 17...
[2025-11-18 18:38:23] [INFO] 正在获取 Surah 17 的 Tafsir...
[2025-11-18 18:38:25] [INFO] ✅ 成功获取 Surah 17 (111 条注释)
[2025-11-18 18:38:25] [INFO] 保存文件: tafsir_data/indonesian/surah_017_tafsir.json
[2025-11-18 18:38:25] [INFO] 
[18/114] 处理 Surah 18...
[2025-11-18 18:38:25] [INFO] 正在获取 Surah 18 的 Tafsir...
[2025-11-18 18:38:27] [INFO] ✅ 成功获取 Surah 18 (110 条注释)
[2025-11-18 18:38:27] [INFO] 保存文件: tafsir_data/indonesian/surah_018_tafsir.json
[2025-11-18 18:38:28] [INFO] 
[19/114] 处理 Surah 19...
[2025-11-18 18:38:28] [INFO] 正在获取 Surah 19 的 Tafsir...
[2025-11-18 18:38:29] [INFO] ✅ 成功获取 Surah 19 (98 条注释)
[2025-11-18 18:38:29] [INFO] 保存文件: tafsir_data/indonesian/surah_019_tafsir.json
[2025-11-18 18:38:30] [INFO] 
[20/114] 处理 Surah 20...
[2025-11-18 18:38:30] [INFO] 正在获取 Surah 20 的 Tafsir...
[2025-11-18 18:38:32] [INFO] ✅ 成功获取 Surah 20 (135 条注释)
[2025-11-18 18:38:32] [INFO] 保存文件: tafsir_data/indonesian/surah_020_tafsir.json
[2025-11-18 18:38:33] [INFO] 
[21/114] 处理 Surah 21...
[2025-11-18 18:38:33] [INFO] 正在获取 Surah 21 的 Tafsir...
[2025-11-18 18:38:35] [INFO] ✅ 成功获取 Surah 21 (112 条注释)
[2025-11-18 18:38:35] [INFO] 保存文件: tafsir_data/indonesian/surah_021_tafsir.json
[2025-11-18 18:38:35] [INFO] 
[22/114] 处理 Surah 22...
[2025-11-18 18:38:35] [INFO] 正在获取 Surah 22 的 Tafsir...
[2025-11-18 18:38:37] [INFO] ✅ 成功获取 Surah 22 (78 条注释)
[2025-11-18 18:38:37] [INFO] 保存文件: tafsir_data/indonesian/surah_022_tafsir.json
[2025-11-18 18:38:38] [INFO] 
[23/114] 处理 Surah 23...
[2025-11-18 18:38:38] [INFO] 正在获取 Surah 23 的 Tafsir...
[2025-11-18 18:38:39] [INFO] ✅ 成功获取 Surah 23 (118 条注释)
[2025-11-18 18:38:39] [INFO] 保存文件: tafsir_data/indonesian/surah_023_tafsir.json
[2025-11-18 18:38:40] [INFO] 
[24/114] 处理 Surah 24...
[2025-11-18 18:38:40] [INFO] 正在获取 Surah 24 的 Tafsir...
[2025-11-18 18:38:42] [INFO] ✅ 成功获取 Surah 24 (64 条注释)
[2025-11-18 18:38:42] [INFO] 保存文件: tafsir_data/indonesian/surah_024_tafsir.json
[2025-11-18 18:38:42] [INFO] 
[25/114] 处理 Surah 25...
[2025-11-18 18:38:42] [INFO] 正在获取 Surah 25 的 Tafsir...
[2025-11-18 18:38:44] [INFO] ✅ 成功获取 Surah 25 (77 条注释)
[2025-11-18 18:38:44] [INFO] 保存文件: tafsir_data/indonesian/surah_025_tafsir.json
[2025-11-18 18:38:44] [INFO] 
[26/114] 处理 Surah 26...
[2025-11-18 18:38:44] [INFO] 正在获取 Surah 26 的 Tafsir...
[2025-11-18 18:38:46] [INFO] ✅ 成功获取 Surah 26 (227 条注释)
[2025-11-18 18:38:46] [INFO] 保存文件: tafsir_data/indonesian/surah_026_tafsir.json
[2025-11-18 18:38:47] [INFO] 
[27/114] 处理 Surah 27...
[2025-11-18 18:38:47] [INFO] 正在获取 Surah 27 的 Tafsir...
[2025-11-18 18:38:49] [INFO] ✅ 成功获取 Surah 27 (93 条注释)
[2025-11-18 18:38:49] [INFO] 保存文件: tafsir_data/indonesian/surah_027_tafsir.json
[2025-11-18 18:38:49] [INFO] 
[28/114] 处理 Surah 28...
[2025-11-18 18:38:49] [INFO] 正在获取 Surah 28 的 Tafsir...
[2025-11-18 18:38:51] [INFO] ✅ 成功获取 Surah 28 (88 条注释)
[2025-11-18 18:38:51] [INFO] 保存文件: tafsir_data/indonesian/surah_028_tafsir.json
[2025-11-18 18:38:52] [INFO] 
[29/114] 处理 Surah 29...
[2025-11-18 18:38:52] [INFO] 正在获取 Surah 29 的 Tafsir...
[2025-11-18 18:38:53] [INFO] ✅ 成功获取 Surah 29 (69 条注释)
[2025-11-18 18:38:53] [INFO] 保存文件: tafsir_data/indonesian/surah_029_tafsir.json
[2025-11-18 18:38:54] [INFO] 
[30/114] 处理 Surah 30...
[2025-11-18 18:38:54] [INFO] 正在获取 Surah 30 的 Tafsir...
[2025-11-18 18:38:56] [INFO] ✅ 成功获取 Surah 30 (60 条注释)
[2025-11-18 18:38:56] [INFO] 保存文件: tafsir_data/indonesian/surah_030_tafsir.json
[2025-11-18 18:38:56] [INFO] 
[31/114] 处理 Surah 31...
[2025-11-18 18:38:56] [INFO] 正在获取 Surah 31 的 Tafsir...
[2025-11-18 18:38:58] [INFO] ✅ 成功获取 Surah 31 (34 条注释)
[2025-11-18 18:38:58] [INFO] 保存文件: tafsir_data/indonesian/surah_031_tafsir.json
[2025-11-18 18:38:59] [INFO] 
[32/114] 处理 Surah 32...
[2025-11-18 18:38:59] [INFO] 正在获取 Surah 32 的 Tafsir...
[2025-11-18 18:39:00] [INFO] ✅ 成功获取 Surah 32 (30 条注释)
[2025-11-18 18:39:00] [INFO] 保存文件: tafsir_data/indonesian/surah_032_tafsir.json
[2025-11-18 18:39:01] [INFO] 
[33/114] 处理 Surah 33...
[2025-11-18 18:39:01] [INFO] 正在获取 Surah 33 的 Tafsir...
[2025-11-18 18:39:03] [INFO] ✅ 成功获取 Surah 33 (73 条注释)
[2025-11-18 18:39:03] [INFO] 保存文件: tafsir_data/indonesian/surah_033_tafsir.json
[2025-11-18 18:39:03] [INFO] 
[34/114] 处理 Surah 34...
[2025-11-18 18:39:03] [INFO] 正在获取 Surah 34 的 Tafsir...
[2025-11-18 18:39:05] [INFO] ✅ 成功获取 Surah 34 (54 条注释)
[2025-11-18 18:39:05] [INFO] 保存文件: tafsir_data/indonesian/surah_034_tafsir.json
[2025-11-18 18:39:05] [INFO] 
[35/114] 处理 Surah 35...
[2025-11-18 18:39:05] [INFO] 正在获取 Surah 35 的 Tafsir...
[2025-11-18 18:39:07] [INFO] ✅ 成功获取 Surah 35 (45 条注释)
[2025-11-18 18:39:07] [INFO] 保存文件: tafsir_data/indonesian/surah_035_tafsir.json
[2025-11-18 18:39:08] [INFO] 
[36/114] 处理 Surah 36...
[2025-11-18 18:39:08] [INFO] 正在获取 Surah 36 的 Tafsir...
[2025-11-18 18:39:09] [INFO] ✅ 成功获取 Surah 36 (83 条注释)
[2025-11-18 18:39:09] [INFO] 保存文件: tafsir_data/indonesian/surah_036_tafsir.json
[2025-11-18 18:39:10] [INFO] 
[37/114] 处理 Surah 37...
[2025-11-18 18:39:10] [INFO] 正在获取 Surah 37 的 Tafsir...
[2025-11-18 18:39:11] [INFO] ✅ 成功获取 Surah 37 (182 条注释)
[2025-11-18 18:39:11] [INFO] 保存文件: tafsir_data/indonesian/surah_037_tafsir.json
[2025-11-18 18:39:12] [INFO] 
[38/114] 处理 Surah 38...
[2025-11-18 18:39:12] [INFO] 正在获取 Surah 38 的 Tafsir...
[2025-11-18 18:39:14] [INFO] ✅ 成功获取 Surah 38 (88 条注释)
[2025-11-18 18:39:14] [INFO] 保存文件: tafsir_data/indonesian/surah_038_tafsir.json
[2025-11-18 18:39:14] [INFO] 
[39/114] 处理 Surah 39...
[2025-11-18 18:39:14] [INFO] 正在获取 Surah 39 的 Tafsir...
[2025-11-18 18:39:16] [INFO] ✅ 成功获取 Surah 39 (75 条注释)
[2025-11-18 18:39:16] [INFO] 保存文件: tafsir_data/indonesian/surah_039_tafsir.json
[2025-11-18 18:39:16] [INFO] 
[40/114] 处理 Surah 40...
[2025-11-18 18:39:16] [INFO] 正在获取 Surah 40 的 Tafsir...
[2025-11-18 18:39:18] [INFO] ✅ 成功获取 Surah 40 (85 条注释)
[2025-11-18 18:39:18] [INFO] 保存文件: tafsir_data/indonesian/surah_040_tafsir.json
[2025-11-18 18:39:19] [INFO] 
[41/114] 处理 Surah 41...
[2025-11-18 18:39:19] [INFO] 正在获取 Surah 41 的 Tafsir...
[2025-11-18 18:39:21] [INFO] ✅ 成功获取 Surah 41 (54 条注释)
[2025-11-18 18:39:21] [INFO] 保存文件: tafsir_data/indonesian/surah_041_tafsir.json
[2025-11-18 18:39:21] [INFO] 
[42/114] 处理 Surah 42...
[2025-11-18 18:39:21] [INFO] 正在获取 Surah 42 的 Tafsir...
[2025-11-18 18:39:23] [INFO] ✅ 成功获取 Surah 42 (53 条注释)
[2025-11-18 18:39:23] [INFO] 保存文件: tafsir_data/indonesian/surah_042_tafsir.json
[2025-11-18 18:39:23] [INFO] 
[43/114] 处理 Surah 43...
[2025-11-18 18:39:23] [INFO] 正在获取 Surah 43 的 Tafsir...
[2025-11-18 18:39:25] [INFO] ✅ 成功获取 Surah 43 (89 条注释)
[2025-11-18 18:39:25] [INFO] 保存文件: tafsir_data/indonesian/surah_043_tafsir.json
[2025-11-18 18:39:26] [INFO] 
[44/114] 处理 Surah 44...
[2025-11-18 18:39:26] [INFO] 正在获取 Surah 44 的 Tafsir...
[2025-11-18 18:39:27] [INFO] ✅ 成功获取 Surah 44 (59 条注释)
[2025-11-18 18:39:27] [INFO] 保存文件: tafsir_data/indonesian/surah_044_tafsir.json
[2025-11-18 18:39:28] [INFO] 
[45/114] 处理 Surah 45...
[2025-11-18 18:39:28] [INFO] 正在获取 Surah 45 的 Tafsir...
[2025-11-18 18:39:30] [INFO] ✅ 成功获取 Surah 45 (37 条注释)
[2025-11-18 18:39:30] [INFO] 保存文件: tafsir_data/indonesian/surah_045_tafsir.json
[2025-11-18 18:39:30] [INFO] 
[46/114] 处理 Surah 46...
[2025-11-18 18:39:30] [INFO] 正在获取 Surah 46 的 Tafsir...
[2025-11-18 18:39:32] [INFO] ✅ 成功获取 Surah 46 (35 条注释)
[2025-11-18 18:39:32] [INFO] 保存文件: tafsir_data/indonesian/surah_046_tafsir.json
[2025-11-18 18:39:32] [INFO] 
[47/114] 处理 Surah 47...
[2025-11-18 18:39:32] [INFO] 正在获取 Surah 47 的 Tafsir...
[2025-11-18 18:39:34] [INFO] ✅ 成功获取 Surah 47 (38 条注释)
[2025-11-18 18:39:34] [INFO] 保存文件: tafsir_data/indonesian/surah_047_tafsir.json
[2025-11-18 18:39:35] [INFO] 
[48/114] 处理 Surah 48...
[2025-11-18 18:39:35] [INFO] 正在获取 Surah 48 的 Tafsir...
[2025-11-18 18:39:36] [INFO] ✅ 成功获取 Surah 48 (29 条注释)
[2025-11-18 18:39:36] [INFO] 保存文件: tafsir_data/indonesian/surah_048_tafsir.json
[2025-11-18 18:39:37] [INFO] 
[49/114] 处理 Surah 49...
[2025-11-18 18:39:37] [INFO] 正在获取 Surah 49 的 Tafsir...
[2025-11-18 18:39:39] [INFO] ✅ 成功获取 Surah 49 (18 条注释)
[2025-11-18 18:39:39] [INFO] 保存文件: tafsir_data/indonesian/surah_049_tafsir.json
[2025-11-18 18:39:39] [INFO] 
[50/114] 处理 Surah 50...
[2025-11-18 18:39:39] [INFO] 正在获取 Surah 50 的 Tafsir...
[2025-11-18 18:39:41] [INFO] ✅ 成功获取 Surah 50 (45 条注释)
[2025-11-18 18:39:41] [INFO] 保存文件: tafsir_data/indonesian/surah_050_tafsir.json
[2025-11-18 18:39:41] [INFO] 
[51/114] 处理 Surah 51...
[2025-11-18 18:39:41] [INFO] 正在获取 Surah 51 的 Tafsir...
[2025-11-18 18:39:44] [INFO] ✅ 成功获取 Surah 51 (60 条注释)
[2025-11-18 18:39:44] [INFO] 保存文件: tafsir_data/indonesian/surah_051_tafsir.json
[2025-11-18 18:39:45] [INFO] 
[52/114] 处理 Surah 52...
[2025-11-18 18:39:45] [INFO] 正在获取 Surah 52 的 Tafsir...
[2025-11-18 18:39:46] [INFO] ✅ 成功获取 Surah 52 (49 条注释)
[2025-11-18 18:39:46] [INFO] 保存文件: tafsir_data/indonesian/surah_052_tafsir.json
[2025-11-18 18:39:47] [INFO] 
[53/114] 处理 Surah 53...
[2025-11-18 18:39:47] [INFO] 正在获取 Surah 53 的 Tafsir...
[2025-11-18 18:39:49] [INFO] ✅ 成功获取 Surah 53 (62 条注释)
[2025-11-18 18:39:49] [INFO] 保存文件: tafsir_data/indonesian/surah_053_tafsir.json
[2025-11-18 18:39:49] [INFO] 
[54/114] 处理 Surah 54...
[2025-11-18 18:39:49] [INFO] 正在获取 Surah 54 的 Tafsir...
[2025-11-18 18:39:51] [INFO] ✅ 成功获取 Surah 54 (55 条注释)
[2025-11-18 18:39:51] [INFO] 保存文件: tafsir_data/indonesian/surah_054_tafsir.json
[2025-11-18 18:39:52] [INFO] 
[55/114] 处理 Surah 55...
[2025-11-18 18:39:52] [INFO] 正在获取 Surah 55 的 Tafsir...
[2025-11-18 18:39:53] [INFO] ✅ 成功获取 Surah 55 (78 条注释)
[2025-11-18 18:39:53] [INFO] 保存文件: tafsir_data/indonesian/surah_055_tafsir.json
[2025-11-18 18:39:54] [INFO] 
[56/114] 处理 Surah 56...
[2025-11-18 18:39:54] [INFO] 正在获取 Surah 56 的 Tafsir...
[2025-11-18 18:39:56] [INFO] ✅ 成功获取 Surah 56 (96 条注释)
[2025-11-18 18:39:56] [INFO] 保存文件: tafsir_data/indonesian/surah_056_tafsir.json
[2025-11-18 18:39:56] [INFO] 
[57/114] 处理 Surah 57...
[2025-11-18 18:39:56] [INFO] 正在获取 Surah 57 的 Tafsir...
[2025-11-18 18:39:58] [INFO] ✅ 成功获取 Surah 57 (29 条注释)
[2025-11-18 18:39:58] [INFO] 保存文件: tafsir_data/indonesian/surah_057_tafsir.json
[2025-11-18 18:39:58] [INFO] 
[58/114] 处理 Surah 58...
[2025-11-18 18:39:58] [INFO] 正在获取 Surah 58 的 Tafsir...
[2025-11-18 18:40:00] [INFO] ✅ 成功获取 Surah 58 (22 条注释)
[2025-11-18 18:40:00] [INFO] 保存文件: tafsir_data/indonesian/surah_058_tafsir.json
[2025-11-18 18:40:01] [INFO] 
[59/114] 处理 Surah 59...
[2025-11-18 18:40:01] [INFO] 正在获取 Surah 59 的 Tafsir...
[2025-11-18 18:40:02] [INFO] ✅ 成功获取 Surah 59 (24 条注释)
[2025-11-18 18:40:02] [INFO] 保存文件: tafsir_data/indonesian/surah_059_tafsir.json
[2025-11-18 18:40:03] [INFO] 
[60/114] 处理 Surah 60...
[2025-11-18 18:40:03] [INFO] 正在获取 Surah 60 的 Tafsir...
[2025-11-18 18:40:04] [INFO] ✅ 成功获取 Surah 60 (13 条注释)
[2025-11-18 18:40:04] [INFO] 保存文件: tafsir_data/indonesian/surah_060_tafsir.json
[2025-11-18 18:40:05] [INFO] 
[61/114] 处理 Surah 61...
[2025-11-18 18:40:05] [INFO] 正在获取 Surah 61 的 Tafsir...
[2025-11-18 18:40:07] [INFO] ✅ 成功获取 Surah 61 (14 条注释)
[2025-11-18 18:40:07] [INFO] 保存文件: tafsir_data/indonesian/surah_061_tafsir.json
[2025-11-18 18:40:07] [INFO] 
[62/114] 处理 Surah 62...
[2025-11-18 18:40:07] [INFO] 正在获取 Surah 62 的 Tafsir...
[2025-11-18 18:40:09] [INFO] ✅ 成功获取 Surah 62 (11 条注释)
[2025-11-18 18:40:09] [INFO] 保存文件: tafsir_data/indonesian/surah_062_tafsir.json
[2025-11-18 18:40:09] [INFO] 
[63/114] 处理 Surah 63...
[2025-11-18 18:40:09] [INFO] 正在获取 Surah 63 的 Tafsir...
[2025-11-18 18:40:11] [INFO] ✅ 成功获取 Surah 63 (11 条注释)
[2025-11-18 18:40:11] [INFO] 保存文件: tafsir_data/indonesian/surah_063_tafsir.json
[2025-11-18 18:40:11] [INFO] 
[64/114] 处理 Surah 64...
[2025-11-18 18:40:11] [INFO] 正在获取 Surah 64 的 Tafsir...
[2025-11-18 18:40:13] [INFO] ✅ 成功获取 Surah 64 (18 条注释)
[2025-11-18 18:40:13] [INFO] 保存文件: tafsir_data/indonesian/surah_064_tafsir.json
[2025-11-18 18:40:13] [INFO] 
[65/114] 处理 Surah 65...
[2025-11-18 18:40:13] [INFO] 正在获取 Surah 65 的 Tafsir...
[2025-11-18 18:40:15] [INFO] ✅ 成功获取 Surah 65 (12 条注释)
[2025-11-18 18:40:16] [INFO] 保存文件: tafsir_data/indonesian/surah_065_tafsir.json
[2025-11-18 18:40:16] [INFO] 
[66/114] 处理 Surah 66...
[2025-11-18 18:40:16] [INFO] 正在获取 Surah 66 的 Tafsir...
[2025-11-18 18:40:18] [INFO] ✅ 成功获取 Surah 66 (12 条注释)
[2025-11-18 18:40:18] [INFO] 保存文件: tafsir_data/indonesian/surah_066_tafsir.json
[2025-11-18 18:40:18] [INFO] 
[67/114] 处理 Surah 67...
[2025-11-18 18:40:18] [INFO] 正在获取 Surah 67 的 Tafsir...
[2025-11-18 18:40:20] [INFO] ✅ 成功获取 Surah 67 (30 条注释)
[2025-11-18 18:40:20] [INFO] 保存文件: tafsir_data/indonesian/surah_067_tafsir.json
[2025-11-18 18:40:20] [INFO] 
[68/114] 处理 Surah 68...
[2025-11-18 18:40:20] [INFO] 正在获取 Surah 68 的 Tafsir...
[2025-11-18 18:40:22] [INFO] ✅ 成功获取 Surah 68 (52 条注释)
[2025-11-18 18:40:22] [INFO] 保存文件: tafsir_data/indonesian/surah_068_tafsir.json
[2025-11-18 18:40:22] [INFO] 
[69/114] 处理 Surah 69...
[2025-11-18 18:40:22] [INFO] 正在获取 Surah 69 的 Tafsir...
[2025-11-18 18:40:24] [INFO] ✅ 成功获取 Surah 69 (52 条注释)
[2025-11-18 18:40:24] [INFO] 保存文件: tafsir_data/indonesian/surah_069_tafsir.json
[2025-11-18 18:40:25] [INFO] 
[70/114] 处理 Surah 70...
[2025-11-18 18:40:25] [INFO] 正在获取 Surah 70 的 Tafsir...
[2025-11-18 18:40:26] [INFO] ✅ 成功获取 Surah 70 (44 条注释)
[2025-11-18 18:40:26] [INFO] 保存文件: tafsir_data/indonesian/surah_070_tafsir.json
[2025-11-18 18:40:27] [INFO] 
[71/114] 处理 Surah 71...
[2025-11-18 18:40:27] [INFO] 正在获取 Surah 71 的 Tafsir...
[2025-11-18 18:40:29] [INFO] ✅ 成功获取 Surah 71 (28 条注释)
[2025-11-18 18:40:29] [INFO] 保存文件: tafsir_data/indonesian/surah_071_tafsir.json
[2025-11-18 18:40:29] [INFO] 
[72/114] 处理 Surah 72...
[2025-11-18 18:40:29] [INFO] 正在获取 Surah 72 的 Tafsir...
[2025-11-18 18:40:31] [INFO] ✅ 成功获取 Surah 72 (28 条注释)
[2025-11-18 18:40:31] [INFO] 保存文件: tafsir_data/indonesian/surah_072_tafsir.json
[2025-11-18 18:40:31] [INFO] 
[73/114] 处理 Surah 73...
[2025-11-18 18:40:31] [INFO] 正在获取 Surah 73 的 Tafsir...
[2025-11-18 18:40:33] [INFO] ✅ 成功获取 Surah 73 (20 条注释)
[2025-11-18 18:40:33] [INFO] 保存文件: tafsir_data/indonesian/surah_073_tafsir.json
[2025-11-18 18:40:33] [INFO] 
[74/114] 处理 Surah 74...
[2025-11-18 18:40:33] [INFO] 正在获取 Surah 74 的 Tafsir...
[2025-11-18 18:40:35] [INFO] ✅ 成功获取 Surah 74 (56 条注释)
[2025-11-18 18:40:35] [INFO] 保存文件: tafsir_data/indonesian/surah_074_tafsir.json
[2025-11-18 18:40:36] [INFO] 
[75/114] 处理 Surah 75...
[2025-11-18 18:40:36] [INFO] 正在获取 Surah 75 的 Tafsir...
[2025-11-18 18:40:37] [INFO] ✅ 成功获取 Surah 75 (40 条注释)
[2025-11-18 18:40:37] [INFO] 保存文件: tafsir_data/indonesian/surah_075_tafsir.json
[2025-11-18 18:40:38] [INFO] 
[76/114] 处理 Surah 76...
[2025-11-18 18:40:38] [INFO] 正在获取 Surah 76 的 Tafsir...
[2025-11-18 18:40:39] [INFO] ✅ 成功获取 Surah 76 (31 条注释)
[2025-11-18 18:40:39] [INFO] 保存文件: tafsir_data/indonesian/surah_076_tafsir.json
[2025-11-18 18:40:40] [INFO] 
[77/114] 处理 Surah 77...
[2025-11-18 18:40:40] [INFO] 正在获取 Surah 77 的 Tafsir...
[2025-11-18 18:40:42] [INFO] ✅ 成功获取 Surah 77 (50 条注释)
[2025-11-18 18:40:42] [INFO] 保存文件: tafsir_data/indonesian/surah_077_tafsir.json
[2025-11-18 18:40:42] [INFO] 
[78/114] 处理 Surah 78...
[2025-11-18 18:40:42] [INFO] 正在获取 Surah 78 的 Tafsir...
[2025-11-18 18:40:44] [INFO] ✅ 成功获取 Surah 78 (40 条注释)
[2025-11-18 18:40:44] [INFO] 保存文件: tafsir_data/indonesian/surah_078_tafsir.json
[2025-11-18 18:40:45] [INFO] 
[79/114] 处理 Surah 79...
[2025-11-18 18:40:45] [INFO] 正在获取 Surah 79 的 Tafsir...
[2025-11-18 18:40:46] [INFO] ✅ 成功获取 Surah 79 (46 条注释)
[2025-11-18 18:40:46] [INFO] 保存文件: tafsir_data/indonesian/surah_079_tafsir.json
[2025-11-18 18:40:47] [INFO] 
[80/114] 处理 Surah 80...
[2025-11-18 18:40:47] [INFO] 正在获取 Surah 80 的 Tafsir...
[2025-11-18 18:40:48] [INFO] ✅ 成功获取 Surah 80 (42 条注释)
[2025-11-18 18:40:48] [INFO] 保存文件: tafsir_data/indonesian/surah_080_tafsir.json
[2025-11-18 18:40:49] [INFO] 
[81/114] 处理 Surah 81...
[2025-11-18 18:40:49] [INFO] 正在获取 Surah 81 的 Tafsir...
[2025-11-18 18:40:50] [INFO] ✅ 成功获取 Surah 81 (29 条注释)
[2025-11-18 18:40:50] [INFO] 保存文件: tafsir_data/indonesian/surah_081_tafsir.json
[2025-11-18 18:40:51] [INFO] 
[82/114] 处理 Surah 82...
[2025-11-18 18:40:51] [INFO] 正在获取 Surah 82 的 Tafsir...
[2025-11-18 18:40:52] [INFO] ✅ 成功获取 Surah 82 (19 条注释)
[2025-11-18 18:40:52] [INFO] 保存文件: tafsir_data/indonesian/surah_082_tafsir.json
[2025-11-18 18:40:53] [INFO] 
[83/114] 处理 Surah 83...
[2025-11-18 18:40:53] [INFO] 正在获取 Surah 83 的 Tafsir...
[2025-11-18 18:40:54] [INFO] ✅ 成功获取 Surah 83 (36 条注释)
[2025-11-18 18:40:54] [INFO] 保存文件: tafsir_data/indonesian/surah_083_tafsir.json
[2025-11-18 18:40:55] [INFO] 
[84/114] 处理 Surah 84...
[2025-11-18 18:40:55] [INFO] 正在获取 Surah 84 的 Tafsir...
[2025-11-18 18:40:56] [INFO] ✅ 成功获取 Surah 84 (25 条注释)
[2025-11-18 18:40:56] [INFO] 保存文件: tafsir_data/indonesian/surah_084_tafsir.json
[2025-11-18 18:40:57] [INFO] 
[85/114] 处理 Surah 85...
[2025-11-18 18:40:57] [INFO] 正在获取 Surah 85 的 Tafsir...
[2025-11-18 18:40:59] [INFO] ✅ 成功获取 Surah 85 (22 条注释)
[2025-11-18 18:40:59] [INFO] 保存文件: tafsir_data/indonesian/surah_085_tafsir.json
[2025-11-18 18:40:59] [INFO] 
[86/114] 处理 Surah 86...
[2025-11-18 18:40:59] [INFO] 正在获取 Surah 86 的 Tafsir...
[2025-11-18 18:41:01] [INFO] ✅ 成功获取 Surah 86 (17 条注释)
[2025-11-18 18:41:01] [INFO] 保存文件: tafsir_data/indonesian/surah_086_tafsir.json
[2025-11-18 18:41:01] [INFO] 
[87/114] 处理 Surah 87...
[2025-11-18 18:41:01] [INFO] 正在获取 Surah 87 的 Tafsir...
[2025-11-18 18:41:03] [INFO] ✅ 成功获取 Surah 87 (19 条注释)
[2025-11-18 18:41:03] [INFO] 保存文件: tafsir_data/indonesian/surah_087_tafsir.json
[2025-11-18 18:41:03] [INFO] 
[88/114] 处理 Surah 88...
[2025-11-18 18:41:03] [INFO] 正在获取 Surah 88 的 Tafsir...
[2025-11-18 18:41:05] [INFO] ✅ 成功获取 Surah 88 (26 条注释)
[2025-11-18 18:41:05] [INFO] 保存文件: tafsir_data/indonesian/surah_088_tafsir.json
[2025-11-18 18:41:05] [INFO] 
[89/114] 处理 Surah 89...
[2025-11-18 18:41:05] [INFO] 正在获取 Surah 89 的 Tafsir...
[2025-11-18 18:41:07] [INFO] ✅ 成功获取 Surah 89 (30 条注释)
[2025-11-18 18:41:07] [INFO] 保存文件: tafsir_data/indonesian/surah_089_tafsir.json
[2025-11-18 18:41:07] [INFO] 
[90/114] 处理 Surah 90...
[2025-11-18 18:41:07] [INFO] 正在获取 Surah 90 的 Tafsir...
[2025-11-18 18:41:09] [INFO] ✅ 成功获取 Surah 90 (20 条注释)
[2025-11-18 18:41:09] [INFO] 保存文件: tafsir_data/indonesian/surah_090_tafsir.json
[2025-11-18 18:41:09] [INFO] 
[91/114] 处理 Surah 91...
[2025-11-18 18:41:09] [INFO] 正在获取 Surah 91 的 Tafsir...
[2025-11-18 18:41:11] [INFO] ✅ 成功获取 Surah 91 (15 条注释)
[2025-11-18 18:41:11] [INFO] 保存文件: tafsir_data/indonesian/surah_091_tafsir.json
[2025-11-18 18:41:11] [INFO] 
[92/114] 处理 Surah 92...
[2025-11-18 18:41:11] [INFO] 正在获取 Surah 92 的 Tafsir...
[2025-11-18 18:41:13] [INFO] ✅ 成功获取 Surah 92 (21 条注释)
[2025-11-18 18:41:13] [INFO] 保存文件: tafsir_data/indonesian/surah_092_tafsir.json
[2025-11-18 18:41:14] [INFO] 
[93/114] 处理 Surah 93...
[2025-11-18 18:41:14] [INFO] 正在获取 Surah 93 的 Tafsir...
[2025-11-18 18:41:15] [INFO] ✅ 成功获取 Surah 93 (11 条注释)
[2025-11-18 18:41:15] [INFO] 保存文件: tafsir_data/indonesian/surah_093_tafsir.json
[2025-11-18 18:41:16] [INFO] 
[94/114] 处理 Surah 94...
[2025-11-18 18:41:16] [INFO] 正在获取 Surah 94 的 Tafsir...
[2025-11-18 18:41:17] [INFO] ✅ 成功获取 Surah 94 (8 条注释)
[2025-11-18 18:41:17] [INFO] 保存文件: tafsir_data/indonesian/surah_094_tafsir.json
[2025-11-18 18:41:18] [INFO] 
[95/114] 处理 Surah 95...
[2025-11-18 18:41:18] [INFO] 正在获取 Surah 95 的 Tafsir...
[2025-11-18 18:41:19] [INFO] ✅ 成功获取 Surah 95 (8 条注释)
[2025-11-18 18:41:19] [INFO] 保存文件: tafsir_data/indonesian/surah_095_tafsir.json
[2025-11-18 18:41:20] [INFO] 
[96/114] 处理 Surah 96...
[2025-11-18 18:41:20] [INFO] 正在获取 Surah 96 的 Tafsir...
[2025-11-18 18:41:21] [INFO] ✅ 成功获取 Surah 96 (19 条注释)
[2025-11-18 18:41:21] [INFO] 保存文件: tafsir_data/indonesian/surah_096_tafsir.json
[2025-11-18 18:41:22] [INFO] 
[97/114] 处理 Surah 97...
[2025-11-18 18:41:22] [INFO] 正在获取 Surah 97 的 Tafsir...
[2025-11-18 18:41:24] [INFO] ✅ 成功获取 Surah 97 (5 条注释)
[2025-11-18 18:41:24] [INFO] 保存文件: tafsir_data/indonesian/surah_097_tafsir.json
[2025-11-18 18:41:24] [INFO] 
[98/114] 处理 Surah 98...
[2025-11-18 18:41:24] [INFO] 正在获取 Surah 98 的 Tafsir...
[2025-11-18 18:41:26] [INFO] ✅ 成功获取 Surah 98 (8 条注释)
[2025-11-18 18:41:26] [INFO] 保存文件: tafsir_data/indonesian/surah_098_tafsir.json
[2025-11-18 18:41:26] [INFO] 
[99/114] 处理 Surah 99...
[2025-11-18 18:41:26] [INFO] 正在获取 Surah 99 的 Tafsir...
[2025-11-18 18:41:28] [INFO] ✅ 成功获取 Surah 99 (8 条注释)
[2025-11-18 18:41:28] [INFO] 保存文件: tafsir_data/indonesian/surah_099_tafsir.json
[2025-11-18 18:41:28] [INFO] 
[100/114] 处理 Surah 100...
[2025-11-18 18:41:28] [INFO] 正在获取 Surah 100 的 Tafsir...
[2025-11-18 18:41:30] [INFO] ✅ 成功获取 Surah 100 (11 条注释)
[2025-11-18 18:41:30] [INFO] 保存文件: tafsir_data/indonesian/surah_100_tafsir.json
[2025-11-18 18:41:30] [INFO] 
[101/114] 处理 Surah 101...
[2025-11-18 18:41:30] [INFO] 正在获取 Surah 101 的 Tafsir...
[2025-11-18 18:41:32] [INFO] ✅ 成功获取 Surah 101 (11 条注释)
[2025-11-18 18:41:32] [INFO] 保存文件: tafsir_data/indonesian/surah_101_tafsir.json
[2025-11-18 18:41:32] [INFO] 
[102/114] 处理 Surah 102...
[2025-11-18 18:41:32] [INFO] 正在获取 Surah 102 的 Tafsir...
[2025-11-18 18:41:34] [INFO] ✅ 成功获取 Surah 102 (8 条注释)
[2025-11-18 18:41:34] [INFO] 保存文件: tafsir_data/indonesian/surah_102_tafsir.json
[2025-11-18 18:41:35] [INFO] 
[103/114] 处理 Surah 103...
[2025-11-18 18:41:35] [INFO] 正在获取 Surah 103 的 Tafsir...
[2025-11-18 18:41:36] [INFO] ✅ 成功获取 Surah 103 (3 条注释)
[2025-11-18 18:41:36] [INFO] 保存文件: tafsir_data/indonesian/surah_103_tafsir.json
[2025-11-18 18:41:37] [INFO] 
[104/114] 处理 Surah 104...
[2025-11-18 18:41:37] [INFO] 正在获取 Surah 104 的 Tafsir...
[2025-11-18 18:41:38] [INFO] ✅ 成功获取 Surah 104 (9 条注释)
[2025-11-18 18:41:38] [INFO] 保存文件: tafsir_data/indonesian/surah_104_tafsir.json
[2025-11-18 18:41:39] [INFO] 
[105/114] 处理 Surah 105...
[2025-11-18 18:41:39] [INFO] 正在获取 Surah 105 的 Tafsir...
[2025-11-18 18:41:40] [INFO] ✅ 成功获取 Surah 105 (5 条注释)
[2025-11-18 18:41:40] [INFO] 保存文件: tafsir_data/indonesian/surah_105_tafsir.json
[2025-11-18 18:41:41] [INFO] 
[106/114] 处理 Surah 106...
[2025-11-18 18:41:41] [INFO] 正在获取 Surah 106 的 Tafsir...
[2025-11-18 18:41:42] [INFO] ✅ 成功获取 Surah 106 (4 条注释)
[2025-11-18 18:41:42] [INFO] 保存文件: tafsir_data/indonesian/surah_106_tafsir.json
[2025-11-18 18:41:43] [INFO] 
[107/114] 处理 Surah 107...
[2025-11-18 18:41:43] [INFO] 正在获取 Surah 107 的 Tafsir...
[2025-11-18 18:41:44] [INFO] ✅ 成功获取 Surah 107 (7 条注释)
[2025-11-18 18:41:44] [INFO] 保存文件: tafsir_data/indonesian/surah_107_tafsir.json
[2025-11-18 18:41:45] [INFO] 
[108/114] 处理 Surah 108...
[2025-11-18 18:41:45] [INFO] 正在获取 Surah 108 的 Tafsir...
[2025-11-18 18:41:46] [INFO] ✅ 成功获取 Surah 108 (3 条注释)
[2025-11-18 18:41:47] [INFO] 保存文件: tafsir_data/indonesian/surah_108_tafsir.json
[2025-11-18 18:41:47] [INFO] 
[109/114] 处理 Surah 109...
[2025-11-18 18:41:47] [INFO] 正在获取 Surah 109 的 Tafsir...
[2025-11-18 18:41:49] [INFO] ✅ 成功获取 Surah 109 (6 条注释)
[2025-11-18 18:41:49] [INFO] 保存文件: tafsir_data/indonesian/surah_109_tafsir.json
[2025-11-18 18:41:49] [INFO] 
[110/114] 处理 Surah 110...
[2025-11-18 18:41:49] [INFO] 正在获取 Surah 110 的 Tafsir...
[2025-11-18 18:41:51] [INFO] ✅ 成功获取 Surah 110 (3 条注释)
[2025-11-18 18:41:51] [INFO] 保存文件: tafsir_data/indonesian/surah_110_tafsir.json
[2025-11-18 18:41:51] [INFO] 
[111/114] 处理 Surah 111...
[2025-11-18 18:41:51] [INFO] 正在获取 Surah 111 的 Tafsir...
[2025-11-18 18:41:53] [INFO] ✅ 成功获取 Surah 111 (5 条注释)
[2025-11-18 18:41:53] [INFO] 保存文件: tafsir_data/indonesian/surah_111_tafsir.json
[2025-11-18 18:41:53] [INFO] 
[112/114] 处理 Surah 112...
[2025-11-18 18:41:53] [INFO] 正在获取 Surah 112 的 Tafsir...
[2025-11-18 18:41:55] [INFO] ✅ 成功获取 Surah 112 (4 条注释)
[2025-11-18 18:41:55] [INFO] 保存文件: tafsir_data/indonesian/surah_112_tafsir.json
[2025-11-18 18:41:55] [INFO] 
[113/114] 处理 Surah 113...
[2025-11-18 18:41:55] [INFO] 正在获取 Surah 113 的 Tafsir...
[2025-11-18 18:41:57] [INFO] ✅ 成功获取 Surah 113 (5 条注释)
[2025-11-18 18:41:57] [INFO] 保存文件: tafsir_data/indonesian/surah_113_tafsir.json
[2025-11-18 18:41:57] [INFO] 
[114/114] 处理 Surah 114...
[2025-11-18 18:41:57] [INFO] 正在获取 Surah 114 的 Tafsir...
[2025-11-18 18:41:59] [INFO] ✅ 成功获取 Surah 114 (6 条注释)
[2025-11-18 18:41:59] [INFO] 保存文件: tafsir_data/indonesian/surah_114_tafsir.json
[2025-11-18 18:41:59] [INFO] 
💾 步骤 3: 保存汇总数据
[2025-11-18 18:41:59] [INFO] 保存文件: tafsir_data/indonesian/all_tafsir_data.json
[2025-11-18 18:41:59] [INFO] 
============================================================
[2025-11-18 18:41:59] [INFO] 同步完成！统计报告:
[2025-11-18 18:41:59] [INFO] ============================================================
[2025-11-18 18:41:59] [INFO] ✅ 成功: 114/114
[2025-11-18 18:41:59] [INFO] ❌ 失败: 0/114
[2025-11-18 18:41:59] [INFO] 
📁 输出目录: /Users/huwei/AndroidStudioProjects/quran0/scripts/tafsir_data/indonesian
[2025-11-18 18:41:59] [INFO] ============================================================
